Archive member included to satisfy reference by file (symbol)

./../../../wiced_btsdk/dev-kit/baselib/20706A2/build/CYBT-343026-EVAL/Debug/20706A2_baselib.a(spar_setup.o)
                              (spar_crt_setup)
./../../../wiced_btsdk/dev-kit/baselib/20706A2/build/CYBT-343026-EVAL/Debug/20706A2_baselib.a(sparinit.o)
                              ./../../../wiced_btsdk/dev-kit/baselib/20706A2/build/CYBT-343026-EVAL/Debug/20706A2_baselib.a(spar_setup.o) (application_setup)
./../../../wiced_btsdk/dev-kit/baselib/20706A2/build/CYBT-343026-EVAL/Debug/20706A2_baselib.a(wiced_bt_app_common.o)
                              D:/MODUS2v1_SPP20706/RFCOMM-CYBT-343026/rfcomm/spp/build/CYBT-343026-EVAL/Debug/spp.o (wiced_bt_app_init)
./../../../wiced_btsdk/dev-kit/baselib/20706A2/build/CYBT-343026-EVAL/Debug/20706A2_baselib.a(wiced_bt_app_hal_common.o)
                              ./../../../wiced_btsdk/dev-kit/baselib/20706A2/build/CYBT-343026-EVAL/Debug/20706A2_baselib.a(wiced_bt_app_common.o) (wiced_bt_app_hal_init)
./../../../wiced_btsdk/dev-kit/libraries/btsdk-rfcomm/build/CYBT-343026-EVAL/Debug/btsdk-rfcomm.a(spp_lib.o)
                              D:/MODUS2v1_SPP20706/RFCOMM-CYBT-343026/rfcomm/spp/build/CYBT-343026-EVAL/Debug/spp.o (wiced_bt_spp_startup)
./../../../wiced_btsdk/dev-kit/baselib/20706A2/libraries/prebuilt/wiced_swd_interface.a(wiced_swd_interface.o)
                              ./../../../wiced_btsdk/dev-kit/baselib/20706A2/build/CYBT-343026-EVAL/Debug/20706A2_baselib.a(sparinit.o) (wiced_configure_swd_pins)
./../../../wiced_btsdk/dev-kit/bsp/TARGET_CYBT-343026-EVAL/build/CYBT-343026-EVAL/Debug/CYBT-343026-EVAL_bsp.a(platform.o)
                              ./../../../wiced_btsdk/dev-kit/baselib/20706A2/build/CYBT-343026-EVAL/Debug/20706A2_baselib.a(wiced_bt_app_hal_common.o) (platform_led_init)
./../../../wiced_btsdk/dev-kit/baselib/20706A2/build/CYBT-343026-EVAL/Debug/20706A2_baselib.a(wiced_bt_utils.o)
                              ./../../../wiced_btsdk/dev-kit/libraries/btsdk-rfcomm/build/CYBT-343026-EVAL/Debug/btsdk-rfcomm.a(spp_lib.o) (bd_addr_any)

Allocating common symbols
Common symbol       size              file

p_wiced_bt_app_callback
                    0x4               ./../../../wiced_btsdk/dev-kit/baselib/20706A2/build/CYBT-343026-EVAL/Debug/20706A2_baselib.a(wiced_bt_app_common.o)
app_conn_idle_timer
                    0x30              ./../../../wiced_btsdk/dev-kit/baselib/20706A2/build/CYBT-343026-EVAL/Debug/20706A2_baselib.a(wiced_bt_app_common.o)
app_conn_idle_timer_no_notify_ind
                    0x30              ./../../../wiced_btsdk/dev-kit/baselib/20706A2/build/CYBT-343026-EVAL/Debug/20706A2_baselib.a(wiced_bt_app_common.o)
app_fine_timer      0x30              ./../../../wiced_btsdk/dev-kit/baselib/20706A2/build/CYBT-343026-EVAL/Debug/20706A2_baselib.a(wiced_bt_app_common.o)
app_tx_timer        0x30              D:/MODUS2v1_SPP20706/RFCOMM-CYBT-343026/rfcomm/spp/build/CYBT-343026-EVAL/Debug/spp.o
p_wiced_bt_app_config
                    0x4               ./../../../wiced_btsdk/dev-kit/baselib/20706A2/build/CYBT-343026-EVAL/Debug/20706A2_baselib.a(wiced_bt_app_common.o)
spp_app_timer       0x30              D:/MODUS2v1_SPP20706/RFCOMM-CYBT-343026/rfcomm/spp/build/CYBT-343026-EVAL/Debug/spp.o
bd_addr_connected   0x6               ./../../../wiced_btsdk/dev-kit/libraries/btsdk-rfcomm/build/CYBT-343026-EVAL/Debug/btsdk-rfcomm.a(spp_lib.o)
app_send_buffer     0x3ef             D:/MODUS2v1_SPP20706/RFCOMM-CYBT-343026/rfcomm/spp/build/CYBT-343026-EVAL/Debug/spp.o
led_timer           0x30              ./../../../wiced_btsdk/dev-kit/baselib/20706A2/build/CYBT-343026-EVAL/Debug/20706A2_baselib.a(wiced_bt_app_hal_common.o)
spp_scb             0x40              ./../../../wiced_btsdk/dev-kit/libraries/btsdk-rfcomm/build/CYBT-343026-EVAL/Debug/btsdk-rfcomm.a(spp_lib.o)
app_timer           0x30              ./../../../wiced_btsdk/dev-kit/baselib/20706A2/build/CYBT-343026-EVAL/Debug/20706A2_baselib.a(wiced_bt_app_common.o)
host_trans_pool     0x4               D:/MODUS2v1_SPP20706/RFCOMM-CYBT-343026/rfcomm/spp/build/CYBT-343026-EVAL/Debug/spp.o

Discarded input sections

 .group         0x00000000        0xc D:/MODUS2v1_SPP20706/RFCOMM-CYBT-343026/rfcomm/spp/build/CYBT-343026-EVAL/Debug/spp.o
 .group         0x00000000        0xc D:/MODUS2v1_SPP20706/RFCOMM-CYBT-343026/rfcomm/spp/build/CYBT-343026-EVAL/Debug/spp.o
 .group         0x00000000        0xc D:/MODUS2v1_SPP20706/RFCOMM-CYBT-343026/rfcomm/spp/build/CYBT-343026-EVAL/Debug/spp.o
 .group         0x00000000        0xc D:/MODUS2v1_SPP20706/RFCOMM-CYBT-343026/rfcomm/spp/build/CYBT-343026-EVAL/Debug/spp.o
 .group         0x00000000        0xc D:/MODUS2v1_SPP20706/RFCOMM-CYBT-343026/rfcomm/spp/build/CYBT-343026-EVAL/Debug/spp.o
 .group         0x00000000        0xc D:/MODUS2v1_SPP20706/RFCOMM-CYBT-343026/rfcomm/spp/build/CYBT-343026-EVAL/Debug/spp.o
[...]
Memory Configuration

Name             Origin             Length             Attributes
ram              0x00217a38         0x0002f3c8         xrw
log_section      0x81000004         0x00100000         r
*default*        0x00000000         0xffffffff

Linker script and memory map

LOAD ./../../../wiced_btsdk/dev-kit/baselib/20706A2/internal/20706A2/wiced_uart/bld/A_20703A2/20703_ram_ext.sym
                0x000d0200                CODE_AREA = 0xd0200
                0x000de908                RO_DATA_AREA = 0xde908
                0x0021669c                UNUSED_uhe = 0x21669c
                0x002168f0                CONFIG_AREA = 0x2168f0
                0x00216ad0                SRAM_AREA = 0x216ad0
                0x00216dbc                ZI_AREA = 0x216dbc
                0x002175f4                ROM_LM_THREAD_STACK = 0x2175f4
                0x00217a38                first_free_section_in_SRAM = 0x217a38
                0x000de9d8                FIRST_FREE_SECTION_IN_PROM = 0xde9d8
                0x000e0000                PATCH_CODE_END = 0xe0000
                0x00200000                END_SECTION_INFO = 0x200000
                0x00000000                _printf_flags = 0x0
                0x00000000                _printf_widthprec = 0x0
                0x00000738                Acaf36800 = 0x738
                0x00000a7d                AVCT_Register = 0xa7d
                0x00006355                BTM_SetPacketTypes = 0x6355
                0x00006e41                BTM_SetLocalDeviceName = 0x6e41
                0x00006e6d                BTM_ReadLocalDeviceName = 0x6e6d
                0x00006f15                BTM_SetDeviceClass = 0x6f15
                0x00006f51                BTM_ReadDeviceClass = 0x6f51
                0x0000744d                A9bf35f00 = 0x744d
                0x00007465                Aa4ccf000 = 0x7465
                0x0000779d                A57fcd800 = 0x779d
                0x000077b1                A38aba400 = 0x77b1
                0x0000787d                A237cfc80 = 0x787d
                0x000089c5                legattdb_regWriteHandleCb = 0x89c5
                0x00009fd9                L2CA_AllocatePSM = 0x9fd9
                0x0000a0e1                L2CA_FlowControl = 0xa0e1
                0x0000b80f                PORT_Purge = 0xb80f
                0x0000b897                PORT_ReadData = 0xb897
                0x0000b95d                PORT_Read = 0xb95d
                0x0000ba49                PORT_Write = 0xba49
                0x0000bed1                mpaf_memmove = 0xbed1
                0x0000cdf5                wiced_free_pool_buf = 0xcdf5
                0x0000ce21                GKI_poolcount = 0xce21
                0x0000ce49                wiced_hal_pspi_init = 0xce49
                0x0000cea9                wiced_hal_gpio_pin_to_port_pin = 0xcea9
                0x0000cee1                wiced_hal_gpio_register_pin_for_interrupt = 0xcee1
                0x0000cf4b                wiced_hal_puart_init = 0xcf4b
                0x0000cf5d                wiced_hal_puart_select_uart_pads = 0xcf5d
                0x0000cf93                wiced_hal_puart_enable_rx = 0xcf93
                0x0000cfa5                wiced_hal_puart_reset_puart_interrupt = 0xcfa5
                0x0000cfb9                wiced_hal_puart_register_interrupt = 0xcfb9
                0x0000cfed                wiced_hal_sflash_verify_addr = 0xcfed
                0x0000d05d                wiced_hal_sflash_write = 0xd05d
                0x0000d07d                wiced_hal_sflash_erase = 0xd07d
                0x0000d099                wiced_hal_sflash_init = 0xd099
                0x0000d09d                wiced_hal_sflash_get_size = 0xd09d
                0x0000d0a1                wiced_hal_sflash_read = 0xd0a1
                0x0000d0a5                wiced_hal_ieeprom_init = 0xd0a5
                0x0000d0e9                wiced_hal_ieeprom_set_size = 0xd0e9
                0x0000d0f9                wiced_hal_ieeprom_verify_addr = 0xd0f9
                0x0000d159                wiced_hal_ieeprom_write = 0xd159
                0x0000d181                wiced_hal_ieeprom_read = 0xd181
                0x0000d1b5                wiced_hal_wdog_disable = 0xd1b5
                0x0000d1c1                wiced_hal_write_nvram = 0xd1c1
                0x0000d209                wiced_dbguart_init = 0xd209
                0x0000d251                wiced_bt_trace_enable = 0xd251
                0x0000d2a9                wiced_set_debug_uart = 0xd2a9
                0x0000d2b5                wiced_get_debug_uart = 0xd2b5
                0x0000d31d                wiced_bt_trace_array = 0xd31d
                0x0000d37d                wiced_dbguart_write = 0xd37d
                0x0000d465                wiced_va_printf = 0xd465
                0x0000d65d                wiced_printf = 0xd65d
                0x0000d6ad                wiced_trace_array = 0xd6ad
                0x0000d77d                wiced_get_buffer = 0xd77d
                0x0000d781                wiced_free_buffer = 0xd781
                0x0000d785                wiced_bt_did_stack_overflow = 0xd785
                0x0000d7a5                wiced_bt_stack_check_init = 0xd7a5
                0x0000d7b9                wiced_gki_delay_us = 0xd7b9
                0x0000d7bd                wiced_memory_allocate = 0xd7bd
                0x0000d7c1                wiced_memory_free = 0xd7c1
                0x0000d7c5                wiced_memory_get_free_bytes = 0xd7c5
                0x0000d7c9                wiced_close_hci_channel = 0xd7c9
                0x0000d7d7                wiced_deinit_hci_channel = 0xd7d7
                0x0000d7e5                wiced_attach_sink_hci_channel = 0xd7e5
                0x0000d7f7                wiced_send_hci_channel = 0xd7f7
                0x0000d805                wiced_send = 0xd805
                0x0000d815                wiced_flush_hci_channel = 0xd815
                0x0000d823                wiced_trans_create_buffer_pool = 0xd823
                0x0000d855                wiced_trans_uart_buffer_init = 0xd855
                0x0000d86d                wiced_trans_send_evt = 0xd86d
                0x0000d901                wiced_trans_install_data_handler = 0xd901
                0x0000d921                wiced_trans_buffer_alloc = 0xd921
                0x0000d935                wiced_trans_event_buffer_alloc = 0xd935
                0x0000d951                wiced_trans_get_buffer_size = 0xd951
                0x0000d959                wiced_trans_get_event_buffer_size = 0xd959
                0x0000d971                wiced_trans_send_hci_trace = 0xd971
                0x0000d9cd                wiced_trans_send_event_buffer_data = 0xd9cd
                0x0000d9ed                wiced_trans_uart_buffer_alloc = 0xd9ed
                0x0000da09                wiced_hci_uart_set_baudrate = 0xda09
                0x0000da13                wiced_trans_create_event_buffer_pool = 0xda13
                0x0000da19                wiced_trans_get_available_buffers = 0xda19
                0x0000dafd                wiced_is_timer_in_use = 0xdafd
                0x0000dd35                wiced_audio_request_samples = 0xdd35
                0x0000ddfd                wiced_read_sbc_params = 0xddfd
                0x0000de5d                wiced_get_sbcenc_frame_length = 0xde5d
                0x0000dec9                wiced_get_sbcdec_frame_length = 0xdec9
                0x0000deed                wiced_get_codec_info = 0xdeed
                0x0000df89                wiced_audio_start = 0xdf89
                0x0000dfe5                wiced_audio_stop = 0xdfe5
                0x0000e025                wiced_audio_suspend = 0xe025
                0x0000e031                wiced_audio_register_buffer_empty_cback = 0xe031
                0x0000e03f                wiced_wlan_buff_InitRouting = 0xe03f
                0x0000e045                wiced_audio_use_sw_timing = 0xe045
                0x0000e051                wiced_audio_toggle_streaming_clock = 0xe051
                0x0000e385                A79d67a00 = 0xe385
                0x0000e51d                wiced_exit_sniff = 0xe51d
                0x0000e5a5                A37cbec00 = 0xe5a5
                0x0000e659                gpio_configurePortPins = 0xe659
                0x0000e715                gpio_init = 0xe715
                0x0000e735                gpio_registerForInterrupt = 0xe735
                0x0000e815                mia_isResetReasonPor = 0xe815
                0x0000e825                mia_init = 0xe825
                0x0000e915                puart_setBaudrate = 0xe915
                0x0000ea71                puart_flowOff = 0xea71
                0x0000ea81                puart_enableTx = 0xea81
                0x0000ea91                puart_write = 0xea91
                0x0000eaa9                puart_print = 0xeaa9
                0x00012319                memmove = 0x12319
                0x00012439                A1f6de300 = 0x12439
                0x000148ed                Af2d5f200 = 0x148ed
                0x00014941                Abaee9e80 = 0x14941
                0x00015069                A07b8a900 = 0x15069
                0x0001a7d7                A10440b80 = 0x1a7d7
                0x0001c181                A8ebfc800 = 0x1c181
                0x0001c29d                A4c248d00 = 0x1c29d
                0x0001c85f                A3cbdcd00 = 0x1c85f
                0x00020cf1                A4b9f9800 = 0x20cf1
                0x00020d81                A3c7cd100 = 0x20d81
                0x0002156d                Ab2774a00 = 0x2156d
                0x000217dd                Ae6f4a602 = 0x217dd
                0x00028649                A2debf800 = 0x28649
                0x000287b5                Ab5fee600 = 0x287b5
                0x0002aae1                Ab3c280c0 = 0x2aae1
                0x0002ab49                A6ad80800 = 0x2ab49
                0x0002ab5f                wiced_audio_proc_acl_data_from_host = 0x2ab5f
                0x0002ab89                Af62f2600 = 0x2ab89
                0x0002abb3                A06e39000 = 0x2abb3
                0x0002abf9                A659f8000 = 0x2abf9
                0x0002ac23                Ae4cdba00 = 0x2ac23
                0x0002af3d                sfi_write = 0x2af3d
                0x0002b0a1                sfi_read = 0x2b0a1
                0x0002b161                sfi_erase = 0x2b161
                0x0002b3f3                gpio_getPortInterruptStatus = 0x2b3f3
                0x0002b4b1                mia_enableLhlInterrupt = 0x2b4b1
                0x0002b50f                mia_enableMiaInterrupt = 0x2b50f
                0x0002c7b5                rtc_getRTCRawClock = 0x2c7b5
                0x0002f12b                bsc_OpExtended = 0x2f12b
                0x00031ebd                memcpy = 0x31ebd
                0x00031ec5                memset = 0x31ec5
                0x00033905                Af49a7600 = 0x33905
                0x0003488d                Acac86c80 = 0x3488d
                0x00036977                Afd203700 = 0x36977
                0x00036a4d                A2a454500 = 0x36a4d
                0x000387f1                A796fc400 = 0x387f1
                0x00038ed5                __2sprintf = 0x38ed5
                0x000409c9                __2snprintf = 0x409c9
                0x00040e59                A698b0000 = 0x40e59
                0x000413a1                A7ec40800 = 0x413a1
                0x000414bb                A6efff400 = 0x414bb
                0x00041f8b                A41f83800 = 0x41f8b
                0x00046131                Ab879bc00 = 0x46131
                0x00046155                A2ae50bd0 = 0x46155
                0x0004616b                A1ad67400 = 0x4616b
                0x0004625d                A1f510000 = 0x4625d
                0x0004e6bf                A3e0c0600 = 0x4e6bf
                0x0004e71f                slist_del = 0x4e71f
                0x000513f5                Aacf04000 = 0x513f5
                0x000513f9                Ae64ae400 = 0x513f9
                0x00051429                GPIO_WriteReg = 0x51429
                0x00051453                GPIO_set = 0x51453
                0x00051473                GPIO_Get = 0x51473
                0x00051c51                wiced_bt_ble_scan = 0x51c51
                0x00051c55                wiced_bt_ble_security_grant = 0x51c55
                0x00051c59                wiced_bt_dev_read_local_addr = 0x51c59
                0x00051c5d                wiced_bt_start_inquiry = 0x51c5d
                0x00051c61                wiced_bt_cancel_inquiry = 0x51c61
                0x00051c65                wiced_bt_dev_set_advanced_connection_params = 0x51c65
                0x00051c69                wiced_bt_dev_pin_code_reply = 0x51c69
                0x00056071                bcsulp_getConnectionRssi = 0x56071
                0x000562a5                gatt_find_tcb_by_addr = 0x562a5
                0x000591c9                A8929a200 = 0x591c9
                0x000591db                Afb6dd700 = 0x591db
                0x0005992b                A9e0bb800 = 0x5992b
                0x00059b21                Aa80ed800 = 0x59b21
                0x0005aabd                Aaf095c00 = 0x5aabd
                0x0005b48d                A2cf37c00 = 0x5b48d
                0x0005bb7b                A9658f000 = 0x5bb7b
                0x00064407                rmulp_getBaseConnFromHciConnhandle = 0x64407
                0x0006442f                rmulp_getLtchFromConnhandle = 0x6442f
                0x000656b1                Ac83f7e00 = 0x656b1
                0x00065921                A42e54800 = 0x65921
                0x00065a05                A752b4e00 = 0x65a05
                0x00066969                __aeabi_memclr = 0x66969
                0x00066a19                A0686d4c0 = 0x66a19
                0x00066a2b                Addd00300 = 0x66a2b
                0x00066a31                A7dadbe00 = 0x66a31
                0x00066a5d                A8aa0ba00 = 0x66a5d
                0x00066a89                A7595d100 = 0x66a89
                0x00066b7b                OSTASK_DisablePreemption = 0x66b7b
                0x00066b7f                OSTASK_RestorePreemption = 0x66b7f
                0x0006753d                Aee6df800 = 0x6753d
                0x00067e29                Aefd85c00 = 0x67e29
                0x00067e6f                A8d2bc800 = 0x67e6f
                0x000681bb                A26b74800 = 0x681bb
                0x000681db                Aaa630600 = 0x681db
                0x000681f1                A9682b000 = 0x681f1
                0x000681f9                A2c6c5800 = 0x681f9
                0x00068307                A582c4e00 = 0x68307
                0x00068397                A12e45a00 = 0x68397
                0x00068915                A86ed0c00 = 0x68915
                0x00068d81                A38a50e00 = 0x68d81
                0x000691c3                Ac9cf8400 = 0x691c3
                0x00069221                Ab5a82400 = 0x69221
                0x00069239                A3607b800 = 0x69239
                0x00069361                Ad2928c00 = 0x69361
                0x00069679                Abae55500 = 0x69679
                0x000697c3                A73bf0c00 = 0x697c3
                0x000697ff                Ab9f99400 = 0x697ff
                0x000698d1                A8e0a8880 = 0x698d1
                0x000698e9                Afb64e800 = 0x698e9
                0x0006990d                A7c94a6c0 = 0x6990d
                0x00069c3b                Aab5e4c00 = 0x69c3b
                0x00069c8b                Ab659ad80 = 0x69c8b
                0x00069d29                _tx_v7m_get_int = 0x69d29
                0x00069d2f                _tx_v7m_disable_int = 0x69d2f
                0x00069d35                _tx_v7m_set_int = 0x69d35
                0x00069e65                A31d30400 = 0x69e65
                0x00069e69                A0b1e2d00 = 0x69e69
                0x00069e73                cfa_mm_Sbrk = 0x69e73
                0x0006a2cf                A7a081780 = 0x6a2cf
                0x0006a331                A7d8ec000 = 0x6a331
                0x0006a4ad                A5e4ab280 = 0x6a4ad
                0x0006a879                utilslib_delayUs = 0x6a879
                0x0006c193                Aa864a000 = 0x6c193
                0x0006ecf5                memcmp = 0x6ecf5
                0x0006ed53                mpaf_memcpy = 0x6ed53
                0x0006edfd                mpaf_memset = 0x6edfd
                0x0006f05b                btu_stop_timer = 0x6f05b
                0x0006f4e1                wiced_create_pool = 0x6f4e1
                0x0006f577                GKI_init_q = 0x6f577
                0x0006f581                wiced_get_pool_buf = 0x6f581
                0x0006f5cf                GKI_getbuf = 0x6f5cf
                0x0006f62b                GKI_getpoolbuf = 0x6f62b
                0x0006f663                GKI_get_buf_size = 0x6f663
                0x0006f6a7                GKI_freebuf = 0x6f6a7
                0x0006f719                GKI_enqueue = 0x6f719
                0x0006f76f                GKI_enqueue_head = 0x6f76f
                0x0006f7c7                GKI_dequeue = 0x6f7c7
                0x0006f99d                GKI_getfirst = 0x6f99d
                0x0006f9ad                GKI_queue_is_empty = 0x6f9ad
                0x0006f9f9                GKI_poolfreecount = 0x6f9f9
                0x0006fa13                GKI_get_pool_bufsize = 0x6fa13
                0x0006fa71                __aeabi_memcpy = 0x6fa71
                0x00071fc9                pmu_clk_feature_notify = 0x71fc9
                0x000720e5                Aaeecac00 = 0x720e5
                0x000722c7                A497d2c00 = 0x722c7
                0x000722d3                Aa52a3000 = 0x722d3
                0x000722e1                Ad23f5400 = 0x722e1
                0x000722e9                Abcd70c00 = 0x722e9
                0x000722ed                Ab70fa000 = 0x722ed
                0x0007232f                A7afe1c00 = 0x7232f
                0x000726f9                wiced_bt_app_memInit = 0x726f9
                0x000726fd                wiced_bt_app_event_thread = 0x726fd
                0x00072717                wiced_bt_app_install = 0x72717
                0x00072759                wiced_bt_app_status = 0x72759
                0x00072769                wiced_bt_app_post_stack_init = 0x72769
                0x00072783                wiced_bt_init_complete_callback = 0x72783
                0x000727d7                wiced_bt_app_post_fw_init = 0x727d7
                0x00072809                wiced_bt_app_dev_resolver = 0x72809
                0x0007280d                wiced_bt_ota_acl_change_cback = 0x7280d
                0x0007280f                wiced_bt_ota_conn_filter_cback = 0x7280f
                0x00072813                wiced_bt_stack_event_handler_cback = 0x72813
                0x00072817                wiced_bt_app_dev_status_ind = 0x72817
                0x00072819                wiced_bt_app_tran_status_ind = 0x72819
                0x0007281b                wiced_bt_btm_management_cback = 0x7281b
                0x00072829                wiced_get_app_id = 0x72829
                0x0007282f                wiced_get_mpaf_pf_handle = 0x7282f
                0x00072835                wiced_get_mpaf_trans_handle = 0x72835
                0x00079d51                __aeabi_uldivmod = 0x79d51
                0x00079e3f                _printf_str = 0x79e3f
                0x00079e91                _printf_int_dec = 0x79e91
                0x00079f05                strlen = 0x79f05
                0x0007ffef                Aa02d8400 = 0x7ffef
                0x000811e3                ulp_getRand = 0x811e3
                0x00081693                A53302c00 = 0x81693
                0x000818f9                A3d917400 = 0x818f9
                0x00081d01                Ab92a4800 = 0x81d01
                0x00081d21                A04f29600 = 0x81d21
                0x00081d57                A3e730000 = 0x81d57
                0x00081d8f                A92840c00 = 0x81d8f
                0x00081dd1                Af8e66c00 = 0x81dd1
                0x00081ed3                A18ee7a00 = 0x81ed3
                0x00081f9f                A88f31e00 = 0x81f9f
                0x00082077                A99060600 = 0x82077
                0x000820a5                A5e156a00 = 0x820a5
                0x000837b1                update_crc = 0x837b1
                0x0008548d                A58dd9400 = 0x8548d
                0x0008ffb5                wiced_init_hci_channel = 0x8ffb5
                0x0008ffd3                wiced_open_hci_channel = 0x8ffd3
                0x0008ffe5                wiced_transQ_free_mem = 0x8ffe5
                0x00090007                wiced_trans_adapter_in_hndlr = 0x90007
                0x0009002f                wiced_trans_adapter_out_hndlr = 0x9002f
                0x00090055                wiced_trans_adapt = 0x90055
                0x0009007b                wiced_trans_init = 0x9007b
                0x000900bb                wiced_trans_init_ctrl_channel = 0x900bb
                0x00090135                wiced_timer_event_list_init = 0x90135
                0x0009013d                wiced_cfa_timer_cb = 0x9013d
                0x00090181                wiced_second_timer_cb = 0x90181
                0x000901af                wiced_gki_ms_timer_callback_handler = 0x901af
                0x000901f1                wiced_app_event_serialize = 0x901f1
                0x00090211                wiced_app_event_init_serialization = 0x90211
                0x00090243                wiced_app_event_serialization_handler = 0x90243
                0x000921b9                lm_GetPowerRegValue = 0x921b9
                0x00095209                Ad0845b00 = 0x95209
                0x00095979                Ad6ca1500 = 0x95979
                0x000963b7                A73c61c00 = 0x963b7
                0x0009656d                Aeb8fde00 = 0x9656d
                0x00096809                A4d03b800 = 0x96809
                0x00096af5                Ae26c6800 = 0x96af5
                0x0009e581                SBC_Encoder_encode = 0x9e581
                0x0009e82d                SBC_Encoder_Init = 0x9e82d
                0x0009e953                _printf_pre_padding = 0x9e953
                0x0009f255                Ae79d3c00 = 0x9f255
                0x000a17e5                Ac120fd00 = 0xa17e5
                0x000a252f                btu_hcif_send_cmd = 0xa252f
                0x000a5c5d                MP_Init = 0xa5c5d
                0x000a5c73                MP_Copy = 0xa5c73
                0x000a5c8d                MP_CMP = 0xa5c8d
                0x000a5cb5                MP_isZero = 0xa5cb5
                0x000a5d17                MP_Add = 0xa5d17
                0x000a5d29                MP_Sub = 0xa5d29
                0x000a5d3b                MP_LShiftMod = 0xa5d3b
                0x000a5d4d                MP_RShift = 0xa5d4d
                0x000a5d5f                MP_MersennsMultMod = 0xa5d5f
                0x000a5d71                MP_MersennsSquaMod = 0xa5d71
                0x000a5d83                MP_AddMod = 0xa5d83
                0x000a5d95                MP_SubMod = 0xa5d95
                0x000aca61                A0e127000 = 0xaca61
                0x000aca9d                A73589800 = 0xaca9d
                0x000ad2e5                InitCurve = 0xad2e5
                0x000ad619                A5d0ddc00 = 0xad619
                0x000b28c9                strncpy = 0xb28c9
                0x000b7ced                p_256_init_curve = 0xb7ced
                0x000ba683                ECC_Double = 0xba683
                0x000ba9b1                ECC_PM_B_NAF = 0xba9b1
                0x000bde37                A9c74a800 = 0xbde37
                0x000bde81                strcmp = 0xbde81
                0x000bf639                smp_aes_set_key = 0xbf639
                0x000bf725                smp_aes_encrypt = 0xbf725
                0x000c09c5                _printf_percent = 0xc09c5
                0x000c09f9                _printf_d = 0xc09f9
                0x000c0a3f                _printf_s = 0xc0a3f
                0x000d0505                wiced_bt_app_install_addin = 0xd0505
                0x000d05a5                wiced_send_hci_channel_addin = 0xd05a5
                0x000d076f                Ad1357600 = 0xd076f
                0x000d07c1                wiced_bt_app_tran_status_ind_patch = 0xd07c1
                0x000d09fd                Aafec3800 = 0xd09fd
                0x000d1039                A0ca5e200 = 0xd1039
                0x000d1121                wiced_bt_get_buffer = 0xd1121
                0x000d1125                wiced_bt_free_buffer = 0xd1125
                0x000d1129                wiced_bt_get_buffer_size = 0xd1129
                0x000d112d                wiced_bt_create_pool = 0xd112d
                0x000d1141                wiced_bt_get_buffer_from_pool = 0xd1141
                0x000d1145                wiced_bt_get_buffer_count = 0xd1145
                0x000d114d                wiced_bt_get_number_of_buffer_pools = 0xd114d
                0x000d1155                wiced_bt_get_buffer_usage = 0xd1155
                0x000d11a1                wiced_memory_permanent_allocate = 0xd11a1
                0x000d2cc9                aclk_configure = 0xd2cc9
                0x000d2d91                i2cm_write = 0xd2d91
                0x000d2dcd                i2cm_read = 0xd2dcd
                0x000d3cc5                bcs_sniffNotifEnable = 0xd3cc5
                0x000d3d03                bcs_sniffNotifDisable = 0xd3d03
                0x000d3fad                Adad64800 = 0xd3fad
                0x000d45c1                wiced_hal_wdog_reset_system = 0xd45c1
                0x000d45c5                wiced_hal_wdog_restart = 0xd45c5
                0x000d45c9                wiced_hal_i2c_init = 0xd45c9
                0x000d4667                wiced_hal_i2c_set_speed = 0xd4667
                0x000d466b                wiced_hal_i2c_get_speed = 0xd466b
                0x000d466f                wiced_hal_i2c_read = 0xd466f
                0x000d4673                wiced_hal_i2c_combo_read = 0xd4673
                0x000d4683                wiced_hal_i2c_write = 0xd4683
                0x000d468d                wiced_hal_gpio_get_pin_config = 0xd468d
                0x000d4697                wiced_hal_gpio_disable_all_inputs = 0xd4697
                0x000d5851                bcs_initAppNotifi = 0xd5851
                0x000d5923                bcs_appNotifiEnable = 0xd5923
                0x000d595b                bcs_appNotifiDisable = 0xd595b
                0x000d6a7d                wiced_bt_gatt_cback = 0xd6a7d
                0x000d6ad1                wiced_bt_gatt_register = 0xd6ad1
                0x000d6add                wiced_bt_gatt_deregister = 0xd6add
                0x000d6ae9                wiced_bt_gatt_le_connect = 0xd6ae9
                0x000d6afb                wiced_bt_gatt_bredr_connect = 0xd6afb
                0x000d6b03                wiced_bt_gatt_cancel_connect = 0xd6b03
                0x000d6b0d                wiced_bt_gatt_listen = 0xd6b0d
                0x000d6b17                wiced_bt_gattdb_next_entry = 0xd6b17
                0x000d6b1b                wiced_bt_gattdb_get_handle = 0xd6b1b
                0x000d6b2b                wiced_bt_gattdb_get_attribute_uuid = 0xd6b2b
                0x000d6b3f                wiced_bt_gattdb_get_attribute_value_uuid16 = 0xd6b3f
                0x000d6b4f                wiced_bt_gattdb_get_charcteristic_descriptor_handle = 0xd6b4f
                0x000d6b61                wiced_bt_start_advertisements = 0xd6b61
                0x000d6b65                wiced_bt_ble_get_current_advert_mode = 0xd6b65
                0x000d6b69                wiced_bt_ble_set_raw_advertisement_data = 0xd6b69
                0x000d6b6d                wiced_bt_ble_set_raw_scan_response_data = 0xd6b6d
                0x000d6b71                wiced_bt_ble_observe = 0xd6b71
                0x000d6b7b                wiced_bt_ble_get_current_scan_state = 0xd6b7b
                0x000d6b7f                wiced_bt_ble_data_signature = 0xd6b7f
                0x000d6b83                wiced_bt_ble_verify_signature = 0xd6b83
                0x000d6b93                wiced_bt_ble_set_background_connection_type = 0xd6b93
                0x000d6b97                wiced_bt_ble_update_background_connection_device = 0xd6b97
                0x000d6b9b                wiced_bt_ble_check_advertising_data = 0xd6b9b
                0x000d6b9f                wiced_bt_ble_enable_privacy = 0xd6b9f
                0x000d6ba9                wiced_bt_ble_update_advertising_white_list = 0xd6ba9
                0x000d6bad                wiced_btm_ble_update_advertisement_filter_policy = 0xd6bad
                0x000d6bb1                wiced_bt_dev_add_device_to_address_resolution_db = 0xd6bb1
                0x000d6bd5                wiced_bt_dev_remove_device_from_address_resolution_db = 0xd6bd5
                0x000d6be3                wiced_bt_ble_get_security_state = 0xd6be3
                0x000d6be7                wiced_bt_ble_get_available_tx_buffers = 0xd6be7
                0x000d6bff                wiced_bt_ble_set_channel_classification = 0xd6bff
                0x000d6c01                wiced_start_multi_advertisements = 0xd6c01
                0x000d6c25                wiced_set_multi_advertisement_params = 0xd6c25
                0x000d6d75                wiced_set_multi_advertisement_scan_response_data = 0xd6d75
                0x000d6d79                wiced_set_multi_advertisement_data = 0xd6d79
                0x000d6d7d                wiced_bt_notify_multi_advertisement_packet_transmissions = 0xd6d7d
                0x000d6d87                wiced_bt_ble_update_scanner_filter_policy = 0xd6d87
                0x000d6d8b                wiced_bt_ble_update_scanner_white_list = 0xd6d8b
                0x000d6d99                wiced_set_lecm_tx_rx_pair = 0xd6d99
                0x000d6da1                wiced_bt_ble_get_connection_parameters = 0xd6da1
                0x000d6f47                wiced_bt_dev_vendor_specific_command = 0xd6f47
                0x000d6f4b                wiced_bt_dev_set_discoverability = 0xd6f4b
                0x000d6f4f                wiced_bt_dev_set_connectability = 0xd6f4f
                0x000d6f53                wiced_bt_dev_set_inquiry_scan_type = 0xd6f53
                0x000d6f57                wiced_bt_dev_set_page_scan_type = 0xd6f57
                0x000d6f5b                wiced_bt_dev_write_page_timeout = 0xd6f5b
                0x000d6f5f                wiced_bt_dev_set_packet_types = 0xd6f5f
                0x000d6f63                wiced_bt_dev_register_connection_status_change = 0xd6f63
                0x000d6f6f                wiced_bt_dev_set_sniff_mode = 0xd6f6f
                0x000d6f7f                wiced_bt_dev_cancel_sniff_mode = 0xd6f7f
                0x000d6f83                wiced_bt_dev_set_sniff_subrating = 0xd6f83
                0x000d6f93                wiced_bt_dev_read_rssi = 0xd6f93
                0x000d6f97                wiced_bt_dev_write_eir = 0xd6f97
                0x000d6fd3                wiced_bt_dev_sec_bond = 0xd6fd3
                0x000d6fe3                wiced_bt_dev_sec_bond_cancel = 0xd6fe3
                0x000d6fe7                wiced_bt_dev_set_encryption = 0xd6fe7
                0x000d6feb                wiced_bt_dev_confirm_req_reply = 0xd6feb
                0x000d7011                wiced_bt_dev_pass_key_req_reply = 0xd7011
                0x000d7015                wiced_bt_dev_send_key_press_notif = 0xd7015
                0x000d7037                wiced_bt_dev_read_local_oob_data = 0xd7037
                0x000d703b                wiced_bt_dev_remote_oob_data_reply = 0xd703b
                0x000d7063                wiced_bt_dev_build_oob_data = 0xd7063
                0x000d708b                wiced_bt_smp_oob_data_reply = 0xd708b
                0x000d7093                wiced_bt_smp_create_local_sc_oob_data = 0xd7093
                0x000d70af                wiced_bt_smp_sc_oob_reply = 0xd70af
                0x000d70b3                wiced_bt_dev_get_bonded_devices = 0xd70b3
                0x000d70b9                wiced_bt_dev_delete_bonded_device = 0xd70b9
                0x000d7117                wiced_bt_nvram_access_register = 0xd7117
                0x000d711d                wiced_bt_dev_register_hci_trace = 0xd711d
                0x000d7125                wiced_bt_dev_get_ble_keys = 0xd7125
                0x000d712f                wiced_bt_set_local_bdaddr = 0xd712f
                0x000d716f                wiced_bt_dev_get_role = 0xd716f
                0x000d717b                wiced_bt_dev_get_security_state = 0xd717b
                0x000d71b7                wiced_bt_dev_set_smart_sniff_mode = 0xd71b7
                0x000d71cb                wiced_bt_dev_cancel_smart_sniff_mode = 0xd71cb
                0x000d71cd                wiced_sniff_notif_callback = 0xd71cd
                0x000d71cf                wiced_sniff_notif_enable = 0xd71cf
                0x000d71d1                wiced_delete_key_info_from_ram = 0xd71d1
                0x000d71d5                wiced_bt_coex_enable = 0xd71d5
                0x000d71e3                wiced_bt_coex_disable = 0xd71e3
                0x000d71fd                wiced_bt_set_inquiry_mode = 0xd71fd
                0x000d7201                wiced_bt_get_link_mode = 0xd7201
                0x000d721b                wiced_bt_dev_set_local_name = 0xd721b
                0x000d721f                wiced_bt_dev_set_tx_power = 0xd721f
                0x000d7231                wiced_bt_dev_set_adv_tx_power = 0xd7231
                0x000d8151                wiced_bt_gatt_send_indication = 0xd8151
                0x000d8163                wiced_bt_gatt_send_notification = 0xd8163
                0x000d8175                wiced_bt_gatt_send_response = 0xd8175
                0x000d819b                wiced_bt_gatt_db_init = 0xd819b
                0x000d819f                wiced_bt_gatt_configure_mtu = 0xd819f
                0x000d81ad                wiced_bt_gatt_send_discover = 0xd81ad
                0x000d81bb                wiced_bt_gatt_send_read = 0xd81bb
                0x000d81c9                wiced_bt_gatt_send_write = 0xd81c9
                0x000d81d7                wiced_bt_gatt_send_execute_write = 0xd81d7
                0x000d81e5                wiced_bt_gatt_send_indication_confirm = 0xd81e5
                0x000d81f3                wiced_bt_gatt_disconnect = 0xd81f3
                0x000d8201                wiced_bt_sdp_db_init = 0xd8201
                0x000d8881                wiced_check_reset_xmit_on_num_complete_event = 0xd8881
                0x000d8893                wiced_bt_hcievt_handler = 0xd8893
                0x000d88a9                wiced_hci_uart_set_rx_mem_alloc_function = 0xd88a9
                0x000d88af                wiced_hci_uart_allocate_rx_buffer = 0xd88af
                0x000d890d                wiced_bt_app_process_conn_param_update_event = 0xd890d
                0x000d8967                wiced_bt_app_process_conn_param_update_status = 0xd8967
                0x000d899b                wiced_bt_stack_event_handler_cback_patch = 0xd899b
                0x000d8a0f                wiced_bt_app_post_stack_init_patch = 0xd8a0f
                0x000d8cbb                wiced_bt_stack_init = 0xd8cbb
                0x000d8d1b                wdog_generate_hw_reset = 0xd8d1b
                0x000d8d59                wiced_bt_app_event_thread_patch = 0xd8d59
                0x000d8dc3                wiced_bt_app_post_fw_init_patch = 0xd8dc3
                0x000d8de3                wiced_bt_app_install_patch = 0xd8de3
                0x000d8e91                wiced_bt_sdp_init_discovery_db = 0xd8e91
                0x000d8ea9                wiced_bt_sdp_cancel_service_search = 0xd8ea9
                0x000d8ead                wiced_bt_sdp_service_search_request = 0xd8ead
                0x000d8eb1                wiced_bt_sdp_service_search_attribute_request = 0xd8eb1
                0x000d8eb5                wiced_bt_sdp_find_attribute_in_db = 0xd8eb5
                0x000d8eb9                wiced_bt_sdp_find_attribute_in_rec = 0xd8eb9
                0x000d8ebd                wiced_bt_sdp_find_service_in_db = 0xd8ebd
                0x000d8ec1                wiced_bt_sdp_find_service_uuid_in_db = 0xd8ec1
                0x000d8ec5                wiced_bt_sdp_find_protocol_list_elem_in_rec = 0xd8ec5
                0x000d8ec9                wiced_bt_sdp_find_protocol_lists_elem_in_rec = 0xd8ec9
                0x000d8ecd                wiced_bt_sdp_find_profile_version_in_rec = 0xd8ecd
                0x000d8ed1                wiced_bt_sdp_find_service_uuid_in_rec = 0xd8ed1
                0x000d8ed5                wiced_bt_avrc_open = 0xd8ed5
                0x000d8ed9                wiced_bt_avrc_close = 0xd8ed9
                0x000d8edd                wiced_bt_avrc_open_browse = 0xd8edd
                0x000d8ee1                wiced_bt_avrc_close_browse = 0xd8ee1
                0x000d8ee5                wiced_bt_avrc_msg_req = 0xd8ee5
                0x000d8ee9                wiced_bt_avrc_unit_cmd = 0xd8ee9
                0x000d8eed                wiced_bt_avrc_sub_cmd = 0xd8eed
                0x000d8ef1                wiced_bt_avrc_pass_cmd = 0xd8ef1
                0x000d8ef5                wiced_bt_avrc_pass_rsp = 0xd8ef5
                0x000d8ef9                wiced_bt_avrc_vendor_cmd = 0xd8ef9
                0x000d8efd                wiced_bt_avrc_vendor_rsp = 0xd8efd
                0x000d8f01                wiced_bt_avrc_set_trace_level = 0xd8f01
                0x000d8f05                wiced_bt_avrc_parse_command = 0xd8f05
                0x000d8f09                wiced_bt_avrc_parse_response = 0xd8f09
                0x000d8f0d                wiced_bt_avrc_bld_command = 0xd8f0d
                0x000d8f11                wiced_bt_avrc_bld_response = 0xd8f11
                0x000d8f15                wiced_bt_avrc_is_valid_avc_type = 0xd8f15
                0x000d8f19                wiced_bt_avrc_is_valid_player_attr = 0xd8f19
                0x000d8f1d                wiced_bt_avrc_get_ctrl_mtu = 0xd8f1d
                0x000d8f29                wiced_bt_avrc_get_data_mtu = 0xd8f29
                0x000d8f89                wiced_bt_avdt_register = 0xd8f89
                0x000d8f8d                wiced_bt_avdt_deregister = 0xd8f8d
                0x000d8f91                wiced_avdt_set_a2dp_connection_priority = 0xd8f91
                0x000d8fdb                wiced_avdt_stream_ctrl_cback = 0xd8fdb
                0x000d902b                wiced_bt_avdt_create_stream = 0xd902b
                0x000d9063                wiced_bt_avdt_remove_stream = 0xd9063
                0x000d908f                wiced_bt_avdt_update_stream = 0xd908f
                0x000d9093                wiced_bt_avdt_discover_req = 0xd9093
                0x000d9097                wiced_bt_avdt_get_cap_req = 0xd9097
                0x000d909b                wiced_bt_avdt_get_all_cap_req = 0xd909b
                0x000d909f                wiced_bt_avdt_delay_report = 0xd909f
                0x000d90a3                wiced_bt_avdt_open_req = 0xd90a3
                0x000d90a7                wiced_bt_avdt_config_rsp = 0xd90a7
                0x000d90ab                wiced_bt_avdt_security_set_scms = 0xd90ab
                0x000d90af                wiced_bt_avdt_start_req = 0xd90af
                0x000d90b3                wiced_bt_avdt_start_resp = 0xd90b3
                0x000d90b7                wiced_bt_avdt_suspend_req = 0xd90b7
                0x000d90bb                wiced_bt_avdt_close_req = 0xd90bb
                0x000d90bf                wiced_bt_avdt_reconfig_req = 0xd90bf
                0x000d90c3                wiced_bt_avdt_reconfig_rsp = 0xd90c3
                0x000d90c7                wiced_bt_avdt_security_req = 0xd90c7
                0x000d90cb                wiced_bt_avdt_security_rsp = 0xd90cb
                0x000d90db                wiced_bt_avdt_connect_req = 0xd90db
                0x000d90df                wiced_bt_avdt_disconnect_req = 0xd90df
                0x000d90e3                wiced_bt_avdt_get_l2cap_channel = 0xd90e3
                0x000d90e7                wiced_bt_avdt_get_signal_channel = 0xd90e7
                0x000d90eb                wiced_bt_avdt_set_trace_level = 0xd90eb
                0x000d9619                wiced_bt_rfcomm_remove_connection = 0xd9619
                0x000d9623                wiced_bt_rfcomm_set_event_callback = 0xd9623
                0x000d9627                wiced_bt_rfcomm_set_data_callback = 0xd9627
                0x000d962b                wiced_bt_rfcomm_set_event_mask = 0xd962b
                0x000d962f                wiced_bt_rfcomm_control = 0xd962f
                0x000d9633                wiced_bt_rfcomm_flow_control = 0xd9633
                0x000d9781                wiced_bt_rfcomm_write_data = 0xd9781
                0x000d9783                wiced_bt_rfcomm_check_connection = 0xd9783
                0x000d9787                wiced_bt_register_bt_num_complete_cback = 0xd9787
                0x000d978d                wiced_bt_rfcomm_on_free = 0xd978d
                0x000d97db                wiced_bt_rfcomm_on_num_complete = 0xd97db
                0x000d97e1                wiced_bt_rfcomm_init = 0xd97e1
                0x000d982f                wiced_bt_rfcomm_control_callback = 0xd982f
                0x000d986d                wiced_bt_rfcomm_create_connection = 0xd986d
                0x000d9ad1                gpio_clearPortInterruptStatus = 0xd9ad1
                0x000d9adb                wiced_hal_gpio_get_pin_output = 0xd9adb
                0x000d9b01                wiced_hal_gpio_set_pin_output = 0xd9b01
                0x000d9b1d                wiced_hal_gpio_configure_pin = 0xd9b1d
                0x000d9bc5                wiced_hal_gpio_clear_pin_interrupt_status = 0xd9bc5
                0x000d9beb                wiced_hal_gpio_get_pin_interrupt_status = 0xd9beb
                0x000d9c11                wiced_hal_gpio_get_pin_input_status = 0xd9c11
                0x000d9ce5                wiced_hal_gpio_register_pin_for_interrupt_patch = 0xd9ce5
                0x000dae87                adc_readSampleRaw = 0xdae87
                0x000daf1f                adc_readVoltage = 0xdaf1f
                0x000db1cf                adc_config = 0xdb1cf
                0x000db30f                wiced_hci_uart_change_mode = 0xdb30f
                0x000db353                wiced_raw_uart_init = 0xdb353
                0x000db37b                wiced_trans_alloc_buffer = 0xdb37b
                0x000db38d                wiced_raw_uart_set_memory_available_event = 0xdb38d
                0x000db399                wiced_raw_uart_update_read_data_position = 0xdb399
                0x000db3e9                wiced_raw_uart_get_read_data_position = 0xdb3e9
                0x000db41d                wiced_raw_uart_data_received_cback = 0xdb41d
                0x000db437                wiced_raw_uart_set_data_available_event = 0xdb437
                0x000db457                wiced_raw_uart_set_write_data_len = 0xdb457
                0x000db4ef                wiced_raw_uart_get_buffer = 0xdb4ef
                0x000db82d                puart_read = 0xdb82d
                0x000db86d                puart_synchronousWrite = 0xdb86d
                0x000db8a9                wiced_hal_pspi_init_patch = 0xdb8a9
                0x000db9db                wiced_bt_configure_gpio_for_skipping_rf = 0xdb9db
                0x000dba13                spiffyd_txData = 0xdba13
                0x000dba45                spiffyd_rxData = 0xdba45
                0x000dbba3                A4bb79c00 = 0xdbba3
                0x000dbbaf                A780d3400 = 0xdbbaf
                0x000dbd6d                wiced_hal_mia_notification_register_keyscan = 0xdbd6d
                0x000dbd6f                wiced_hal_mia_notification_register_quad = 0xdbd6f
                0x000dbd71                wiced_hal_mia_poll_hardware = 0xdbd71
                0x000dbf5d                wiced_sflash_get_size = 0xdbf5d
                0x000dbf75                wiced_hal_sflash_set_size = 0xdbf75
                0x000dc1f9                wiced_power_save_stop = 0xdc1f9
                0x000dc201                wiced_power_save_abort = 0xdc201
                0x000dc213                wiced_power_save_enter = 0xdc213
                0x000dc21f                wiced_power_save_query = 0xdc21f
                0x000dc24d                wiced_power_save_start = 0xdc24d
                0x000dc293                wiced_power_save_register_enter_cback = 0xdc293
                0x000dc299                wiced_power_save_register_abort_cback = 0xdc299
                0x000dc29f                wiced_power_save_store_state = 0xdc29f
                0x000dc2a3                wiced_power_save_retrieve_state = 0xdc2a3
                0x000dc2ad                wiced_sleep_config = 0xdc2ad
                0x000dc2c5                wiced_ptu_clock_enable = 0xdc2c5
                0x000dc2dd                wiced_ptu_clock_disable = 0xdc2dd
                0x000dc2f5                wiced_bt_register_pmu_callbacks = 0xdc2f5
                0x000dc315                wiced_debug_sleep_allowed = 0xdc315
                0x000dc32f                wiced_debug_time_to_sleep = 0xdc32f
                0x000dc345                wiced_register_sleep_entry = 0xdc345
                0x000dc363                wiced_allow_sleep = 0xdc363
                0x000dc369                wiced_setup_debugger = 0xdc369
                0x000dc371                wiced_sleep_configure = 0xdc371
                0x000dc3cd                wiced_audio_alloc_buffer = 0xdc3cd
                0x000dc3df                wiced_audio_sink_buff_init = 0xdc3df
                0x000dc3fd                wiced_audio_buffer_initialize = 0xdc3fd
                0x000dc479                wiced_audio_set_sinwave = 0xdc479
                0x000dc47d                wiced_audio_update_bitpool = 0xdc47d
                0x000dc7e1                wiced_hal_lpm_init = 0xdc7e1
                0x000dc7e3                wiced_hal_lpm_register_for_low_power_queries = 0xdc7e3
                0x000dc7e5                wiced_hal_lpm_enable_wake_from = 0xdc7e5
                0x000dc7e9                wiced_hal_lpm_register_for_wake_notification = 0xdc7e9
                0x000dc7ef                wiced_hal_lpm_register_callback_entering_lowpower_mode = 0xdc7ef
                0x000dc7f7                wiced_hal_lpm_register_callback_aborting_lowpower_mode = 0xdc7f7
                0x000dc8b1                wiced_trans_prepare_header = 0xdc8b1
                0x000dc8c5                wiced_trans_send = 0xdc8c5
                0x000dc8e5                wiced_trans_get_header_offset = 0xdc8e5
                0x000dc901                wiced_transport_init = 0xdc901
                0x000dc983                wiced_transport_create_buffer_pool = 0xdc983
                0x000dc9cf                wiced_transport_allocate_buffer = 0xdc9cf
                0x000dc9e7                wiced_transport_get_buffer_count = 0xdc9e7
                0x000dc9f1                wiced_transport_get_buffer_size = 0xdc9f1
                0x000dca05                wiced_transport_send_buffer = 0xdca05
                0x000dca4b                wiced_transport_get_tx_pool = 0xdca4b
                0x000dca71                wiced_transport_free_buffer = 0xdca71
                0x000dcaa5                wiced_transport_send_data = 0xdcaa5
                0x000dcae7                wiced_transport_send_hci_trace = 0xdcae7
                0x000dcb4b                wiced_trans_send_debug_msg = 0xdcb4b
                0x000dcb87                wiced_trans_spi_buffer_alloc = 0xdcb87
                0x000dcba7                wiced_trans_send_indication = 0xdcba7
                0x000dcbb7                wiced_transport_indicate_tx_complete = 0xdcbb7
                0x000dceb1                wiced_bt_trace_enable_patch = 0xdceb1
                0x000dcee3                wiced_set_debug_uart_patch = 0xdcee3
                0x000dcf01                wiced_trans_event_handler = 0xdcf01
                0x000dcf33                wiced_send_hci_channel_patch = 0xdcf33
                0x000dd0f9                wiced_bt_l2cap_le_data_write = 0xdd0f9
                0x000dd13b                wiced_bt_l2cap_cancel_ble_connect_req = 0xdd13b
                0x000dd13f                wiced_bt_l2cap_update_ble_conn_params = 0xdd13f
                0x000dd175                wiced_bt_l2cap_enable_update_ble_conn_params = 0xdd175
                0x000dd179                wiced_bt_l2cap_get_ble_conn_role = 0xdd179
                0x000dd17d                wiced_bt_l2cap_le_register = 0xdd17d
                0x000dd185                wiced_bt_l2cap_le_deregister = 0xdd185
                0x000dd189                wiced_bt_l2cap_le_connect_req = 0xdd189
                0x000dd1ad                wiced_bt_l2cap_le_connect_rsp = 0xdd1ad
                0x000dd1c5                wiced_bt_l2cap_le_disconnect_req = 0xdd1c5
                0x000dd1c9                wiced_bt_l2cap_le_disconnect_rsp = 0xdd1c9
                0x000dd1cd                wiced_bt_l2cap_le_set_user_congestion = 0xdd1cd
                0x000dd1d1                wiced_bt_l2cap_le_get_peer_mtu = 0xdd1d1
                0x000dd1d5                wiced_bt_l2cap_le_determ_secur_rsp = 0xdd1d5
                0x000dd1dd                wiced_bt_sec_delete_device_record = 0xdd1dd
                0x000dd1ef                wiced_bt_get_identity_address = 0xdd1ef
                0x000dd24d                wiced_bt_register_le_num_complete_cback = 0xdd24d
                0x000dd253                wiced_bt_set_pairable_mode = 0xdd253
                0x000dd269                wiced_bt_l2cap_register_fixed_channel = 0xdd269
                0x000dd26f                wiced_bt_l2cap_connect_fixed_chnl = 0xdd26f
                0x000dd28d                wiced_bt_l2cap_send_fixed_chnl_data = 0xdd28d
                0x000dd2d3                wiced_bt_l2cap_remove_fixed_chnl = 0xdd2d3
                0x000dd2d7                wiced_bt_l2cap_set_fixed_channel_timeout = 0xdd2d7
                0x000dd2db                wiced_bt_l2cap_get_current_config = 0xdd2db
                0x000dd2eb                wiced_bt_l2cap_register = 0xdd2eb
                0x000dd2f3                wiced_bt_l2cap_deregister = 0xdd2f3
                0x000dd2f7                wiced_bt_l2cap_allocate_psm = 0xdd2f7
                0x000dd2fb                wiced_bt_l2cap_connect_req = 0xdd2fb
                0x000dd2ff                wiced_bt_l2cap_get_disconnect_reason = 0xdd2ff
                0x000dd303                wiced_bt_l2cap_ertm_enable = 0xdd303
                0x000dd307                wiced_bt_l2cap_ertm_connect_req = 0xdd307
                0x000dd30b                wiced_bt_l2cap_disconnect_req = 0xdd30b
                0x000dd30f                wiced_bt_l2cap_disconnect_rsp = 0xdd30f
                0x000dd313                wiced_bt_l2cap_data_write = 0xdd313
                0x000dd357                wiced_bt_l2cap_set_idle_timeout = 0xdd357
                0x000dd35b                wiced_bt_l2cap_set_idle_timeout_by_bd_addr = 0xdd35b
                0x000dd35f                wiced_bt_l2cap_set_trace_level = 0xdd35f
                0x000dd363                wiced_bt_l2cap_set_desire_role = 0xdd363
                0x000dd367                wiced_bt_l2cap_flush_channel = 0xdd367
                0x000dd36b                wiced_bt_l2cap_set_acl_priority = 0xdd36b
                0x000dd36f                wiced_bt_l2cap_set_acl_priority_ext = 0xdd36f
                0x000dd373                wiced_bt_l2cap_flow_control = 0xdd373
                0x000dd377                wiced_bt_l2cap_set_tx_priority = 0xdd377
                0x000dd37b                wiced_bt_l2cap_set_flush_timeout = 0xdd37b
                0x000dd37f                wiced_bt_l2cap_set_chnl_flushability = 0xdd37f
                0x000dd383                wiced_bt_l2cap_get_peer_features = 0xdd383
                0x000dd387                wiced_bt_l2cap_get_bdaddrby_handle = 0xdd387
                0x000dd38b                wiced_bt_l2cap_get_chnl_fcr_mode = 0xdd38b
                0x000ddbcb                wiced_hal_keyscan_configure = 0xddbcb
                0x000ddbf7                wiced_hal_keyscan_init = 0xddbf7
                0x000ddbf9                wiced_hal_keyscan_reset = 0xddbf9
                0x000ddbfb                wiced_hal_keyscan_turnOff = 0xddbfb
                0x000ddbfd                wiced_hal_keyscan_events_pending = 0xddbfd
                0x000ddc07                wiced_hal_keyscan_get_next_event = 0xddc07
                0x000ddc11                wiced_hal_keyscan_register_for_event_notification = 0xddc11
                0x000ddc13                wiced_hal_keyscan_flush_HW_events = 0xddc13
                0x000ddc15                wiced_hal_keyscan_enable_ghost_detection = 0xddc15
                0x000ddc17                wiced_hal_keyscan_config_gpios = 0xddc17
                0x000ddc19                wiced_hal_keyscan_is_any_key_pressed = 0xddc19
                0x000ddc69                wiced_hal_sflash_use_erase_sector_size_256K = 0xddc69
                0x000ddc6f                wiced_hal_sflash_use_4_byte_address = 0xddc6f
                0x000ddc75                wiced_hal_sflash_get_erase_sector_size_256K = 0xddc75
                0x000ddc7b                wiced_hal_sflash_get_4_byte_address_setting = 0xddc7b
                0x000ddc81                wiced_hal_sflash_enable_write_protect = 0xddc81
                0x000ddc87                wiced_hal_sflash_detected = 0xddc87
                0x000ddcb1                wiced_hal_write_nvram_patch = 0xddcb1
                0x000ddd55                wiced_internal_write_nvram = 0xddd55
                0x000ddd79                wiced_internal_read_nvram = 0xddd79
                0x000ddda7                wiced_hal_delete_nvram = 0xddda7
                0x000dde2d                wiced_hal_read_nvram = 0xdde2d
                0x000de099                wiced_hal_batmon_config = 0xde099
                0x000de14b                wiced_hal_batmon_init = 0xde14b
                0x000de15d                wiced_hal_batmon_get_battery_level = 0xde15d
                0x000de167                wiced_hal_batmon_get_battery_raw_vol = 0xde167
                0x000de171                wiced_hal_batmon_add_battery_observer = 0xde171
                0x000de18b                wiced_hal_batmon_register_low_battery_shutdown_cb = 0xde18b
                0x000de191                wiced_hal_batmon_is_low_battery_shutdown = 0xde191
                0x000de19d                wiced_hal_batmon_poll_monitor = 0xde19d
                0x000de1ff                wiced_hal_batmon_set_battery_report_sent_flag = 0xde1ff
                0x000de395                wiced_hal_pwm_get_params = 0xde395
                0x000de3bf                wiced_hal_pwm_start = 0xde3bf
                0x000de3cf                wiced_hal_pwm_change_values = 0xde3cf
                0x000de3d3                wiced_hal_pwm_get_toggle_count = 0xde3d3
                0x000de3d7                wiced_hal_pwm_get_init_value = 0xde3d7
                0x000de3db                wiced_hal_pwm_disable = 0xde3db
                0x000de3e5                wiced_hal_pwm_enable = 0xde3e5
                0x000de48d                wiced_bt_a2d_set_trace_level = 0xde48d
                0x000de491                wiced_bt_a2d_bits_set = 0xde491
                0x000de495                wiced_bt_a2d_sbc_chk_fr_init = 0xde495
                0x000de499                wiced_bt_a2d_sbc_descramble = 0xde499
                0x000de49d                wiced_bt_a2d_bld_sbc_info = 0xde49d
                0x000de4a1                wiced_bt_a2d_pars_sbc_info = 0xde4a1
                0x000de4a5                wiced_bt_a2d_bld_sbc_mpl_hdr = 0xde4a5
                0x000de4b5                wiced_bt_a2d_pars_sbc_mpl_hdr = 0xde4b5
                0x000de4c5                wiced_bt_a2d_bld_m12info = 0xde4c5
                0x000de4c9                wiced_bt_a2d_pars_m12info = 0xde4c9
                0x000de4cd                wiced_bt_a2d_bld_m24info = 0xde4cd
                0x000de4d1                wiced_bt_a2d_pars_m24info = 0xde4d1
                0x000de4d3                wiced_bt_a2d_find_service = 0xde4d3
                0x000de5a9                wiced_update_cpu_clock = 0xde5a9
                0x000de621                wiced_hal_rand_gen_num = 0xde621
                0x000de625                wiced_hal_rand_gen_num_array = 0xde625
                0x000de6a5                wiced_init_timer = 0xde6a5
                0x000de6d9                wiced_stop_timer = 0xde6d9
                0x000de72b                wiced_deinit_timer = 0xde72b
                0x000de745                wiced_start_timer = 0xde745
                0x00200eb0                A23cb2e00 = 0x200eb0
                0x0020112c                Config_DS_End_Location = 0x20112c
                0x00201134                wiced_debug_uart = 0x201134
                0x0020113c                wiced_app_ctrl_channel = 0x20113c
                0x00201148                wiced_app_event_srzn_q_depth = 0x201148
                0x00201150                wiced_aa_byte_pool_size = 0x201150
                0x00201154                wiced_audio_enabled = 0x201154
                0x00201158                wiced_audio_reserve_acl_buffer = 0x201158
                0x0020115c                Afd1e6c00 = 0x20115c
                0x0020122c                Ac6c78400 = 0x20122c
                0x0020138c                Acefbabc0 = 0x20138c
                0x0020138d                A66e25800 = 0x20138d
                0x0020138e                Ab951ad00 = 0x20138e
                0x002013a0                A781b2c00 = 0x2013a0
                0x0020140d                A81de5800 = 0x20140d
                0x00201414                DEFAULT_SUPERVISION_TIMEOUT = 0x201414
                0x002017cc                Ad191ac00 = 0x2017cc
                0x0020196c                MM_ACLConfig = 0x20196c
                0x00201a2e                A273d5000 = 0x201a2e
                0x00201a54                A56500400 = 0x201a54
                0x00201a8c                Ab3160c00 = 0x201a8c
                0x00201aa4                A59da9400 = 0x201aa4
                0x00201aa8                A6ddc6000 = 0x201aa8
                0x00201bdc                A83288c00 = 0x201bdc
                0x00201bed                A4786b800 = 0x201bed
                0x00201bf1                A978b2300 = 0x201bf1
                0x00201bf4                Afe39dd80 = 0x201bf4
                0x00201bf8                A2a8a2a00 = 0x201bf8
                0x00201c00                A77a89e00 = 0x201c00
                0x00201c10                A93f9a000 = 0x201c10
                0x00201c18                A0c6ca480 = 0x201c18
                0x00201c20                Ae8206600 = 0x201c20
                0x00201c38                A6c6e6600 = 0x201c38
                0x00201c3c                A2c183000 = 0x201c3c
                0x00201cdc                A701d4400 = 0x201cdc
                0x00201cf0                A7e064000 = 0x201cf0
                0x00201d30                Af4581828 = 0x201d30
                0x00201d54                wiced_bt_app_pre_init = 0x201d54
                0x00201d58                wiced_bt_cod = 0x201d58
                0x00201d60                wiced_bt_transCallbacks = 0x201d60
                0x00201d68                wiced_bt_mpafPfCallbacks = 0x201d68
                0x00201d84                wiced_bt_mpafOtaCallbacks = 0x201d84
                0x00201e48                rmulpMaxLLConnection = 0x201e48
                0x00201e8c                gpio_initialized = 0x201e8c
                0x00201e95                Ad4ce7c00 = 0x201e95
                0x0020203c                A4f76e700 = 0x20203c
                0x0020206c                A1260a100 = 0x20206c
                0x00202128                A50bfe100 = 0x202128
                0x0020212c                Ab2d15268 = 0x20212c
                0x00202130                Ab0320500 = 0x202130
                0x00202134                Ad526f400 = 0x202134
                0x00202138                A342fd800 = 0x202138
                0x00202214                A5e026c00 = 0x202214
                0x00202240                A87c92a00 = 0x202240
                0x00202280                A6bcdfa00 = 0x202280
                0x0020241c                idle_saveThreadxAvailMem = 0x20241c
                0x00202470                A73310600 = 0x202470
                0x002024a8                A484ed800 = 0x2024a8
                0x002024ab                Ad4938800 = 0x2024ab
                0x0020294c                A68a37800 = 0x20294c
                0x002029c8                A55116200 = 0x2029c8
                0x002029cc                A3e5c9400 = 0x2029cc
                0x00203614                A25cd5a00 = 0x203614
                0x002037f0                hciulp_leCsFeatureSet = 0x2037f0
                0x0020395c                A20c52200 = 0x20395c
                0x00205fa8                Ab0198ac0 = 0x205fa8
                0x002065f4                wiced_hci_ctrl_channel = 0x2065f4
                0x00206618                wiced_app_event_srzn_q = 0x206618
                0x00206650                Af8dbf400 = 0x206650
                0x002066a8                wiced_hook = 0x2066a8
                0x00207038                A1a484800 = 0x207038
                0x00207e9c                A426e7c00 = 0x207e9c
                0x0020a264                curve_p256 = 0x20a264
                0x0020af84                A42313e00 = 0x20af84
                0x0020b670                A728bba80 = 0x20b670
                0x0020b774                Ac37f3000 = 0x20b774
                0x0020b7cc                A18bf9f00 = 0x20b7cc
                0x0020b844                Afa111d68 = 0x20b844
                0x0020bd08                rmulp_constInfo = 0x20bd08
                0x0020d680                A8ae84c00 = 0x20d680
                0x0020d7d0                A70eec8e0 = 0x20d7d0
                0x0020dca0                A4da26000 = 0x20dca0
                0x0020dee4                Afae16000 = 0x20dee4
                0x002150e8                Ab36dfa00 = 0x2150e8
                0x002150eb                A7eaa3400 = 0x2150eb
                0x002150ec                Ac60e8100 = 0x2150ec
                0x002150ee                A99d0a400 = 0x2150ee
                0x002150f4                Config_DS_Location = 0x2150f4
                0x002150f8                Config_VS_Location = 0x2150f8
                0x00215100                Aa37c6a00 = 0x215100
                0x00215104                rm_deviceBDAddr = 0x215104
                0x00215168                Aebf34200 = 0x215168
                0x0021622c                wiced_bt_app_cb = 0x21622c
                0x0021669c                Acaf36800 = 0x21669c
                0x00216ad0                Ae2703800 = 0x216ad0
                0x00216ad4                A542cec00 = 0x216ad4
                0x00216ad8                A3fd92c00 = 0x216ad8
                0x00216adc                Ab90b4800 = 0x216adc
                0x00216ae0                Ad3a77f00 = 0x216ae0
                0x00216b34                A6e5ab200 = 0x216b34
                0x00216b38                Abd459c00 = 0x216b38
                0x00216b44                sfi_sectorErase256K = 0x216b44
                0x00216c08                wiced_bt_app_connection_status_change_cback = 0x216c08
                0x00216ca8                adcRead_WaitForBTClockEnabled = 0x216ca8
                0x00216cbc                adcConfig = 0x216cbc
                0x00216d2c                Afd3a2100 = 0x216d2c
                0x00216d38                wiced_debug_allow_sleep = 0x216d38
                0x00216d50                A0e695c00 = 0x216d50
                0x00216d54                A102ec280 = 0x216d54
                0x00216dbc                Acaf36800 = 0x216dbc
                0x0021747c                wiced_pmu_func_entry = 0x21747c
                0x00217494                wiced_debug_pmu_func_entry = 0x217494
                0x00217a38                Acaf36800 = 0x217a38
                0x00262850                A3e9c0a00 = 0x262850
LOAD D:/MODUS2v1_SPP20706/RFCOMM-CYBT-343026/rfcomm/spp/build/CYBT-343026-EVAL/Debug/spp.o
LOAD D:/MODUS2v1_SPP20706/RFCOMM-CYBT-343026/rfcomm/spp/build/CYBT-343026-EVAL/Debug/wiced_bt_cfg.o
LOAD D:/MODUS2v1_SPP20706/RFCOMM-CYBT-343026/rfcomm/spp/build/CYBT-343026-EVAL/Debug/generated/lib_installer.o
START GROUP
LOAD ./../../../wiced_btsdk/dev-kit/baselib/20706A2/libraries/prebuilt/FM25Q04_sflash.a
LOAD ./../../../wiced_btsdk/dev-kit/baselib/20706A2/libraries/prebuilt/hal_sflash_callback.a
LOAD ./../../../wiced_btsdk/dev-kit/baselib/20706A2/libraries/prebuilt/multi_adv_patch_lib.a
LOAD ./../../../wiced_btsdk/dev-kit/baselib/20706A2/libraries/prebuilt/rtc_lib.a
LOAD ./../../../wiced_btsdk/dev-kit/baselib/20706A2/libraries/prebuilt/wiced_audio_sink.a
LOAD ./../../../wiced_btsdk/dev-kit/baselib/20706A2/libraries/prebuilt/wiced_audio_source.a
LOAD ./../../../wiced_btsdk/dev-kit/baselib/20706A2/libraries/prebuilt/wiced_bt_mesh.a
LOAD ./../../../wiced_btsdk/dev-kit/baselib/20706A2/libraries/prebuilt/wiced_hal_lib.a
LOAD ./../../../wiced_btsdk/dev-kit/baselib/20706A2/libraries/prebuilt/wiced_hidd_and_keyscan.a
LOAD ./../../../wiced_btsdk/dev-kit/baselib/20706A2/libraries/prebuilt/wiced_i2s_test.a
LOAD ./../../../wiced_btsdk/dev-kit/baselib/20706A2/libraries/prebuilt/wiced_swd_interface.a
LOAD ./../../../wiced_btsdk/dev-kit/baselib/20706A2/libraries/prebuilt/wiced_voice_path.a
LOAD ./../../../wiced_btsdk/dev-kit/bsp/TARGET_CYBT-343026-EVAL/build/CYBT-343026-EVAL/Debug/CYBT-343026-EVAL_bsp.a
LOAD ./../../../wiced_btsdk/dev-kit/baselib/20706A2/build/CYBT-343026-EVAL/Debug/20706A2_baselib.a
LOAD ./../../../wiced_btsdk/dev-kit/libraries/btsdk-rfcomm/build/CYBT-343026-EVAL/Debug/btsdk-rfcomm.a
END GROUP
                0x0000097b                PROVIDE (spar_irom_length, (spar_irom_end - spar_irom_begin))
                0x000004e4                PROVIDE (spar_iram_length, (spar_iram_end - spar_iram_begin))
                0x0000002c                PROVIDE (spar_iram_data_length, (spar_iram_data_end - spar_iram_data_begin))
                0x000004b8                PROVIDE (spar_iram_bss_length, (spar_iram_bss_end - spar_iram_bss_begin))
                0x00217a38                spar_irom_begin = 0x217a38

.text           0x00217a38      0x7e8
 CREATE_OBJECT_SYMBOLS
 *(.app_init_code)
 .app_init_code
                0x00217a38       0x4c D:/MODUS2v1_SPP20706/RFCOMM-CYBT-343026/rfcomm/spp/build/CYBT-343026-EVAL/Debug/spp.o
                0x00217a38                wiced_bt_app_start
 *(.emb_text)
 *(.text)
 *(.text_in_ram)
 *(.text.*)
 .text.spp_connection_up_callback
                0x00217a84       0x10 D:/MODUS2v1_SPP20706/RFCOMM-CYBT-343026/rfcomm/spp/build/CYBT-343026-EVAL/Debug/spp.o
 .text.spp_connection_down_callback
                0x00217a94        0xc D:/MODUS2v1_SPP20706/RFCOMM-CYBT-343026/rfcomm/spp/build/CYBT-343026-EVAL/Debug/spp.o
 .text.spp_rx_data_callback
                0x00217aa0       0x40 D:/MODUS2v1_SPP20706/RFCOMM-CYBT-343026/rfcomm/spp/build/CYBT-343026-EVAL/Debug/spp.o
 .text.app_timeout
                0x00217ae0       0x60 D:/MODUS2v1_SPP20706/RFCOMM-CYBT-343026/rfcomm/spp/build/CYBT-343026-EVAL/Debug/spp.o
                0x00217ae0                app_timeout
 .text.puart_rx_interrupt_callback
                0x00217b40       0x40 D:/MODUS2v1_SPP20706/RFCOMM-CYBT-343026/rfcomm/spp/build/CYBT-343026-EVAL/Debug/spp.o
                0x00217b40                puart_rx_interrupt_callback
 .text.clock_SystemTimeMicroseconds64
                0x00217b80       0x26 D:/MODUS2v1_SPP20706/RFCOMM-CYBT-343026/rfcomm/spp/build/CYBT-343026-EVAL/Debug/spp.o
                0x00217b80                clock_SystemTimeMicroseconds64
 *fill*         0x00217ba6        0x2 
 .text.application_init
                0x00217ba8      0x10c D:/MODUS2v1_SPP20706/RFCOMM-CYBT-343026/rfcomm/spp/build/CYBT-343026-EVAL/Debug/spp.o
                0x00217ba8                application_init
 .text.app_management_callback
                0x00217cb4      0x11c D:/MODUS2v1_SPP20706/RFCOMM-CYBT-343026/rfcomm/spp/build/CYBT-343026-EVAL/Debug/spp.o
 .text.app_send_data
                0x00217dd0       0x84 D:/MODUS2v1_SPP20706/RFCOMM-CYBT-343026/rfcomm/spp/build/CYBT-343026-EVAL/Debug/spp.o
                0x00217dd0                app_send_data
 .text.app_tx_ack_timeout
                0x00217e54        0x4 D:/MODUS2v1_SPP20706/RFCOMM-CYBT-343026/rfcomm/spp/build/CYBT-343026-EVAL/Debug/spp.o
 .text.app_interrupt_handler
                0x00217e58       0x34 D:/MODUS2v1_SPP20706/RFCOMM-CYBT-343026/rfcomm/spp/build/CYBT-343026-EVAL/Debug/spp.o
 .text.install_libs
                0x00217e8c        0x2 D:/MODUS2v1_SPP20706/RFCOMM-CYBT-343026/rfcomm/spp/build/CYBT-343026-EVAL/Debug/generated/lib_installer.o
                0x00217e8c                install_libs
 .text.wiced_bt_app_init
                0x00217e8e        0xa ./../../../wiced_btsdk/dev-kit/baselib/20706A2/build/CYBT-343026-EVAL/Debug/20706A2_baselib.a(wiced_bt_app_common.o)
                0x00217e8e                wiced_bt_app_init
 .text.wiced_bt_app_hal_init
                0x00217e98       0x1a ./../../../wiced_btsdk/dev-kit/baselib/20706A2/build/CYBT-343026-EVAL/Debug/20706A2_baselib.a(wiced_bt_app_hal_common.o)
                0x00217e98                wiced_bt_app_hal_init
 *fill*         0x00217eb2        0x2 
 .text.spp_lib_get_scb_pointer
                0x00217eb4       0x3c ./../../../wiced_btsdk/dev-kit/libraries/btsdk-rfcomm/build/CYBT-343026-EVAL/Debug/btsdk-rfcomm.a(spp_lib.o)
 .text.spp_rfcomm_opened
                0x00217ef0       0x3c ./../../../wiced_btsdk/dev-kit/libraries/btsdk-rfcomm/build/CYBT-343026-EVAL/Debug/btsdk-rfcomm.a(spp_lib.o)
 .text.spp_port_event_cback
                0x00217f2c       0x68 ./../../../wiced_btsdk/dev-kit/libraries/btsdk-rfcomm/build/CYBT-343026-EVAL/Debug/btsdk-rfcomm.a(spp_lib.o)
 .text.spp_rfcomm_start_server
                0x00217f94       0x44 ./../../../wiced_btsdk/dev-kit/libraries/btsdk-rfcomm/build/CYBT-343026-EVAL/Debug/btsdk-rfcomm.a(spp_lib.o)
 .text.spp_rfcomm_closed
                0x00217fd8       0x40 ./../../../wiced_btsdk/dev-kit/libraries/btsdk-rfcomm/build/CYBT-343026-EVAL/Debug/btsdk-rfcomm.a(spp_lib.o)
 .text.spp_rfcomm_control_callback
                0x00218018       0x58 ./../../../wiced_btsdk/dev-kit/libraries/btsdk-rfcomm/build/CYBT-343026-EVAL/Debug/btsdk-rfcomm.a(spp_lib.o)
 .text.wiced_bt_spp_startup
                0x00218070       0x3c ./../../../wiced_btsdk/dev-kit/libraries/btsdk-rfcomm/build/CYBT-343026-EVAL/Debug/btsdk-rfcomm.a(spp_lib.o)
                0x00218070                wiced_bt_spp_startup
 .text.wiced_bt_spp_send_session_data
                0x002180ac       0x50 ./../../../wiced_btsdk/dev-kit/libraries/btsdk-rfcomm/build/CYBT-343026-EVAL/Debug/btsdk-rfcomm.a(spp_lib.o)
                0x002180ac                wiced_bt_spp_send_session_data
 .text.wiced_bt_spp_can_send_more_data
                0x002180fc       0x32 ./../../../wiced_btsdk/dev-kit/libraries/btsdk-rfcomm/build/CYBT-343026-EVAL/Debug/btsdk-rfcomm.a(spp_lib.o)
                0x002180fc                wiced_bt_spp_can_send_more_data
 *fill*         0x0021812e        0x2 
 .text.unbond   0x00218130       0x54 ./../../../wiced_btsdk/dev-kit/baselib/20706A2/libraries/prebuilt/wiced_swd_interface.a(wiced_swd_interface.o)
                0x00218130                unbond
 .text.wiced_configure_swd_pins
                0x00218184       0x9c ./../../../wiced_btsdk/dev-kit/baselib/20706A2/libraries/prebuilt/wiced_swd_interface.a(wiced_swd_interface.o)
                0x00218184                wiced_configure_swd_pins
 *(EmHeAacDec)
 *(.gnu.linkonce.t.*)
 *(.glue_7t)
 .glue_7t       0x00218220        0x0 linker stubs
 *(.glue_7)
 .glue_7        0x00218220        0x0 linker stubs
 *(.vfp11_veneer)
 .vfp11_veneer  0x00218220        0x0 linker stubs
 *(.v4_bx)
 .v4_bx         0x00218220        0x0 linker stubs
 *(.ARM.extab*)
 *(.gnu.linkonce.armextab.*)
 *(.ARM.exidx*)
 *(.gnu.linkonce.armexidx.*)
 *(.vpc_decoder_section)

.iplt           0x00218220        0x0
 .iplt          0x00218220        0x0 D:/MODUS2v1_SPP20706/RFCOMM-CYBT-343026/rfcomm/spp/build/CYBT-343026-EVAL/Debug/spp.o

.rodata         0x00218220      0x193
 CREATE_OBJECT_SYMBOLS
 *(const_drom_var)
 *(.rodata)
 .rodata        0x00218220       0x94 D:/MODUS2v1_SPP20706/RFCOMM-CYBT-343026/rfcomm/spp/build/CYBT-343026-EVAL/Debug/spp.o
                0x00218220                app_sdp_db
                0x002182b2                app_sdp_db_len
 .rodata        0x002182b4       0x86 D:/MODUS2v1_SPP20706/RFCOMM-CYBT-343026/rfcomm/spp/build/CYBT-343026-EVAL/Debug/wiced_bt_cfg.o
                0x002182b4                wiced_bt_cfg_buf_pools
                0x002182c4                wiced_bt_cfg_settings
                0x00218338                BT_LOCAL_NAME_CAPACITY
 *fill*         0x0021833a        0x2 
 .rodata        0x0021833c       0x28 ./../../../wiced_btsdk/dev-kit/baselib/20706A2/libraries/prebuilt/wiced_swd_interface.a(wiced_swd_interface.o)
 *(.constdata*)
 *(.rodata.*)
 .rodata.str1.1
                0x00218364       0x4f D:/MODUS2v1_SPP20706/RFCOMM-CYBT-343026/rfcomm/spp/build/CYBT-343026-EVAL/Debug/spp.o
 *(.gnu.linkonce.r.*)
 *(.data.rom)
                0x002183b3                spar_irom_end = .

.data           0x002183b4       0x2c
 CREATE_OBJECT_SYMBOLS
                0x002183b4                spar_iram_begin = .
                0x002183b4                spar_iram_data_begin = .
 *(.data)
 .data          0x002183b4       0x1d D:/MODUS2v1_SPP20706/RFCOMM-CYBT-343026/rfcomm/spp/build/CYBT-343026-EVAL/Debug/spp.o
                0x002183b4                spp_reg
                0x002183cc                pincode
                0x002183d0                SPP_NVRAM_ID
 .data          0x002183d1        0x9 D:/MODUS2v1_SPP20706/RFCOMM-CYBT-343026/rfcomm/spp/build/CYBT-343026-EVAL/Debug/wiced_bt_cfg.o
                0x002183d1                BT_LOCAL_NAME
 .data          0x002183da        0x6 ./../../../wiced_btsdk/dev-kit/baselib/20706A2/build/CYBT-343026-EVAL/Debug/20706A2_baselib.a(wiced_bt_utils.o)
                0x002183da                bd_addr_any
 *(.data.*)
 *(.gnu.linkonce.d.*)
 *(.init_patch_table)
                0x002183e0                spar_iram_data_end = .
                0x002183b4                spar_irom_data_begin = spar_iram_data_begin

.igot.plt       0x002183e0        0x0
 .igot.plt      0x002183e0        0x0 D:/MODUS2v1_SPP20706/RFCOMM-CYBT-343026/rfcomm/spp/build/CYBT-343026-EVAL/Debug/spp.o

.bss            0x002183e0      0x4b8
 CREATE_OBJECT_SYMBOLS
                0x002183e0                spar_iram_bss_begin = .
 *(.bss)
 .bss           0x002183e0       0x18 D:/MODUS2v1_SPP20706/RFCOMM-CYBT-343026/rfcomm/spp/build/CYBT-343026-EVAL/Debug/spp.o
                0x002183e0                spp_handle
                0x002183e4                spp_rx_bytes
                0x002183f0                app_send_offset
                0x002183f4                time_start
 .bss           0x002183f8        0x4 ./../../../wiced_btsdk/dev-kit/libraries/btsdk-rfcomm/build/CYBT-343026-EVAL/Debug/btsdk-rfcomm.a(spp_lib.o)
                0x002183f8                spp_bytes_rxed
 *(.bss.*)
 *(.gnu.linkonce.b.*)
 *(COMMON)
 COMMON         0x002183fc      0x454 D:/MODUS2v1_SPP20706/RFCOMM-CYBT-343026/rfcomm/spp/build/CYBT-343026-EVAL/Debug/spp.o
                0x002183fc                app_tx_timer
                0x0021842c                spp_app_timer
                0x0021845c                app_send_buffer
                0x0021884c                host_trans_pool
 COMMON         0x00218850       0x48 ./../../../wiced_btsdk/dev-kit/libraries/btsdk-rfcomm/build/CYBT-343026-EVAL/Debug/btsdk-rfcomm.a(spp_lib.o)
                0x00218850                bd_addr_connected
                0x00218858                spp_scb
                0x00218898                spar_iram_bss_end = .
                0x00218898                spar_iram_end = .

.setup          0x00218898       0x68
 CREATE_OBJECT_SYMBOLS
 *(.init_code)
 *(.init_text)
 *(.spar_setup)
 .spar_setup    0x00218898       0x4c ./../../../wiced_btsdk/dev-kit/baselib/20706A2/build/CYBT-343026-EVAL/Debug/20706A2_baselib.a(spar_setup.o)
                0x00218898                spar_crt_setup
 .spar_setup    0x002188e4       0x1c ./../../../wiced_btsdk/dev-kit/baselib/20706A2/build/CYBT-343026-EVAL/Debug/20706A2_baselib.a(sparinit.o)
                0x002188e4                application_setup

.rel.dyn        0x00218900        0x0
 .rel.iplt      0x00218900        0x0 D:/MODUS2v1_SPP20706/RFCOMM-CYBT-343026/rfcomm/spp/build/CYBT-343026-EVAL/Debug/spp.o

.log_section    0x81000004        0x0
 CREATE_OBJECT_SYMBOLS
 *(log_data)
OUTPUT(D:/MODUS2v1_SPP20706/RFCOMM-CYBT-343026/rfcomm/spp/build/CYBT-343026-EVAL/Debug/BT_SPP.elf elf32-littlearm)

.debug_info     0x00000000    0x100d1
 .debug_info    0x00000000     0x48ee D:/MODUS2v1_SPP20706/RFCOMM-CYBT-343026/rfcomm/spp/build/CYBT-343026-EVAL/Debug/spp.o
 .debug_info    0x000048ee     0x1209 D:/MODUS2v1_SPP20706/RFCOMM-CYBT-343026/rfcomm/spp/build/CYBT-343026-EVAL/Debug/wiced_bt_cfg.o
 .debug_info    0x00005af7       0x81 D:/MODUS2v1_SPP20706/RFCOMM-CYBT-343026/rfcomm/spp/build/CYBT-343026-EVAL/Debug/generated/lib_installer.o
 .debug_info    0x00005b78      0x968 ./../../../wiced_btsdk/dev-kit/baselib/20706A2/build/CYBT-343026-EVAL/Debug/20706A2_baselib.a(spar_setup.o)
 .debug_info    0x000064e0     0x1cc8 ./../../../wiced_btsdk/dev-kit/baselib/20706A2/build/CYBT-343026-EVAL/Debug/20706A2_baselib.a(sparinit.o)
 .debug_info    0x000081a8     0x27cd ./../../../wiced_btsdk/dev-kit/baselib/20706A2/build/CYBT-343026-EVAL/Debug/20706A2_baselib.a(wiced_bt_app_common.o)
 .debug_info    0x0000a975     0x2378 ./../../../wiced_btsdk/dev-kit/baselib/20706A2/build/CYBT-343026-EVAL/Debug/20706A2_baselib.a(wiced_bt_app_hal_common.o)
 .debug_info    0x0000cced     0x1e6b ./../../../wiced_btsdk/dev-kit/libraries/btsdk-rfcomm/build/CYBT-343026-EVAL/Debug/btsdk-rfcomm.a(spp_lib.o)
 .debug_info    0x0000eb58      0x71f ./../../../wiced_btsdk/dev-kit/baselib/20706A2/libraries/prebuilt/wiced_swd_interface.a(wiced_swd_interface.o)
 .debug_info    0x0000f277      0xe5a ./../../../wiced_btsdk/dev-kit/baselib/20706A2/build/CYBT-343026-EVAL/Debug/20706A2_baselib.a(wiced_bt_utils.o)

.debug_abbrev   0x00000000     0x1aaf
 .debug_abbrev  0x00000000      0x4ac D:/MODUS2v1_SPP20706/RFCOMM-CYBT-343026/rfcomm/spp/build/CYBT-343026-EVAL/Debug/spp.o
 .debug_abbrev  0x000004ac      0x1e8 D:/MODUS2v1_SPP20706/RFCOMM-CYBT-343026/rfcomm/spp/build/CYBT-343026-EVAL/Debug/wiced_bt_cfg.o
 .debug_abbrev  0x00000694       0x45 D:/MODUS2v1_SPP20706/RFCOMM-CYBT-343026/rfcomm/spp/build/CYBT-343026-EVAL/Debug/generated/lib_installer.o
 .debug_abbrev  0x000006d9      0x200 ./../../../wiced_btsdk/dev-kit/baselib/20706A2/build/CYBT-343026-EVAL/Debug/20706A2_baselib.a(spar_setup.o)
 .debug_abbrev  0x000008d9      0x221 ./../../../wiced_btsdk/dev-kit/baselib/20706A2/build/CYBT-343026-EVAL/Debug/20706A2_baselib.a(sparinit.o)
 .debug_abbrev  0x00000afa      0x2cc ./../../../wiced_btsdk/dev-kit/baselib/20706A2/build/CYBT-343026-EVAL/Debug/20706A2_baselib.a(wiced_bt_app_common.o)
 .debug_abbrev  0x00000dc6      0x317 ./../../../wiced_btsdk/dev-kit/baselib/20706A2/build/CYBT-343026-EVAL/Debug/20706A2_baselib.a(wiced_bt_app_hal_common.o)
 .debug_abbrev  0x000010dd      0x4e7 ./../../../wiced_btsdk/dev-kit/libraries/btsdk-rfcomm/build/CYBT-343026-EVAL/Debug/btsdk-rfcomm.a(spp_lib.o)
 .debug_abbrev  0x000015c4      0x1a0 ./../../../wiced_btsdk/dev-kit/baselib/20706A2/libraries/prebuilt/wiced_swd_interface.a(wiced_swd_interface.o)
 .debug_abbrev  0x00001764      0x34b ./../../../wiced_btsdk/dev-kit/baselib/20706A2/build/CYBT-343026-EVAL/Debug/20706A2_baselib.a(wiced_bt_utils.o)

.debug_loc      0x00000000     0x1ac4
 .debug_loc     0x00000000      0x673 D:/MODUS2v1_SPP20706/RFCOMM-CYBT-343026/rfcomm/spp/build/CYBT-343026-EVAL/Debug/spp.o
 .debug_loc     0x00000673      0x137 ./../../../wiced_btsdk/dev-kit/baselib/20706A2/build/CYBT-343026-EVAL/Debug/20706A2_baselib.a(wiced_bt_app_common.o)
 .debug_loc     0x000007aa      0x12c ./../../../wiced_btsdk/dev-kit/baselib/20706A2/build/CYBT-343026-EVAL/Debug/20706A2_baselib.a(wiced_bt_app_hal_common.o)
 .debug_loc     0x000008d6      0x7f0 ./../../../wiced_btsdk/dev-kit/libraries/btsdk-rfcomm/build/CYBT-343026-EVAL/Debug/btsdk-rfcomm.a(spp_lib.o)
 .debug_loc     0x000010c6      0x1a2 ./../../../wiced_btsdk/dev-kit/baselib/20706A2/libraries/prebuilt/wiced_swd_interface.a(wiced_swd_interface.o)
 .debug_loc     0x00001268      0x85c ./../../../wiced_btsdk/dev-kit/baselib/20706A2/build/CYBT-343026-EVAL/Debug/20706A2_baselib.a(wiced_bt_utils.o)

.debug_aranges  0x00000000      0x328
 .debug_aranges
                0x00000000       0x80 D:/MODUS2v1_SPP20706/RFCOMM-CYBT-343026/rfcomm/spp/build/CYBT-343026-EVAL/Debug/spp.o
 .debug_aranges
                0x00000080       0x18 D:/MODUS2v1_SPP20706/RFCOMM-CYBT-343026/rfcomm/spp/build/CYBT-343026-EVAL/Debug/wiced_bt_cfg.o
 .debug_aranges
                0x00000098       0x20 D:/MODUS2v1_SPP20706/RFCOMM-CYBT-343026/rfcomm/spp/build/CYBT-343026-EVAL/Debug/generated/lib_installer.o
 .debug_aranges
                0x000000b8       0x20 ./../../../wiced_btsdk/dev-kit/baselib/20706A2/build/CYBT-343026-EVAL/Debug/20706A2_baselib.a(spar_setup.o)
 .debug_aranges
                0x000000d8       0x20 ./../../../wiced_btsdk/dev-kit/baselib/20706A2/build/CYBT-343026-EVAL/Debug/20706A2_baselib.a(sparinit.o)
 .debug_aranges
                0x000000f8       0x58 ./../../../wiced_btsdk/dev-kit/baselib/20706A2/build/CYBT-343026-EVAL/Debug/20706A2_baselib.a(wiced_bt_app_common.o)
 .debug_aranges
                0x00000150       0x48 ./../../../wiced_btsdk/dev-kit/baselib/20706A2/build/CYBT-343026-EVAL/Debug/20706A2_baselib.a(wiced_bt_app_hal_common.o)
 .debug_aranges
                0x00000198       0x90 ./../../../wiced_btsdk/dev-kit/libraries/btsdk-rfcomm/build/CYBT-343026-EVAL/Debug/btsdk-rfcomm.a(spp_lib.o)
 .debug_aranges
                0x00000228       0x70 ./../../../wiced_btsdk/dev-kit/baselib/20706A2/libraries/prebuilt/wiced_swd_interface.a(wiced_swd_interface.o)
 .debug_aranges
                0x00000298       0x90 ./../../../wiced_btsdk/dev-kit/baselib/20706A2/build/CYBT-343026-EVAL/Debug/20706A2_baselib.a(wiced_bt_utils.o)

.debug_ranges   0x00000000      0x330
 .debug_ranges  0x00000000       0xa0 D:/MODUS2v1_SPP20706/RFCOMM-CYBT-343026/rfcomm/spp/build/CYBT-343026-EVAL/Debug/spp.o
 .debug_ranges  0x000000a0       0x10 D:/MODUS2v1_SPP20706/RFCOMM-CYBT-343026/rfcomm/spp/build/CYBT-343026-EVAL/Debug/generated/lib_installer.o
 .debug_ranges  0x000000b0       0x10 ./../../../wiced_btsdk/dev-kit/baselib/20706A2/build/CYBT-343026-EVAL/Debug/20706A2_baselib.a(spar_setup.o)
 .debug_ranges  0x000000c0       0x10 ./../../../wiced_btsdk/dev-kit/baselib/20706A2/build/CYBT-343026-EVAL/Debug/20706A2_baselib.a(sparinit.o)
 .debug_ranges  0x000000d0       0x48 ./../../../wiced_btsdk/dev-kit/baselib/20706A2/build/CYBT-343026-EVAL/Debug/20706A2_baselib.a(wiced_bt_app_common.o)
 .debug_ranges  0x00000118       0x38 ./../../../wiced_btsdk/dev-kit/baselib/20706A2/build/CYBT-343026-EVAL/Debug/20706A2_baselib.a(wiced_bt_app_hal_common.o)
 .debug_ranges  0x00000150      0x100 ./../../../wiced_btsdk/dev-kit/libraries/btsdk-rfcomm/build/CYBT-343026-EVAL/Debug/btsdk-rfcomm.a(spp_lib.o)
 .debug_ranges  0x00000250       0x60 ./../../../wiced_btsdk/dev-kit/baselib/20706A2/libraries/prebuilt/wiced_swd_interface.a(wiced_swd_interface.o)
 .debug_ranges  0x000002b0       0x80 ./../../../wiced_btsdk/dev-kit/baselib/20706A2/build/CYBT-343026-EVAL/Debug/20706A2_baselib.a(wiced_bt_utils.o)

.debug_macro    0x00000000    0x189cd
 .debug_macro   0x00000000      0x339 D:/MODUS2v1_SPP20706/RFCOMM-CYBT-343026/rfcomm/spp/build/CYBT-343026-EVAL/Debug/spp.o
 .debug_macro   0x00000339     0x1390 D:/MODUS2v1_SPP20706/RFCOMM-CYBT-343026/rfcomm/spp/build/CYBT-343026-EVAL/Debug/spp.o
 .debug_macro   0x000016c9       0x28 D:/MODUS2v1_SPP20706/RFCOMM-CYBT-343026/rfcomm/spp/build/CYBT-343026-EVAL/Debug/spp.o
 .debug_macro   0x000016f1       0xae D:/MODUS2v1_SPP20706/RFCOMM-CYBT-343026/rfcomm/spp/build/CYBT-343026-EVAL/Debug/spp.o
 .debug_macro   0x0000179f       0x10 D:/MODUS2v1_SPP20706/RFCOMM-CYBT-343026/rfcomm/spp/build/CYBT-343026-EVAL/Debug/spp.o
 .debug_macro   0x000017af       0x16 D:/MODUS2v1_SPP20706/RFCOMM-CYBT-343026/rfcomm/spp/build/CYBT-343026-EVAL/Debug/spp.o
 .debug_macro   0x000017c5      0x34e D:/MODUS2v1_SPP20706/RFCOMM-CYBT-343026/rfcomm/spp/build/CYBT-343026-EVAL/Debug/spp.o
 .debug_macro   0x00001b13       0x22 D:/MODUS2v1_SPP20706/RFCOMM-CYBT-343026/rfcomm/spp/build/CYBT-343026-EVAL/Debug/spp.o
 .debug_macro   0x00001b35       0x52 D:/MODUS2v1_SPP20706/RFCOMM-CYBT-343026/rfcomm/spp/build/CYBT-343026-EVAL/Debug/spp.o
 .debug_macro   0x00001b87       0x17 D:/MODUS2v1_SPP20706/RFCOMM-CYBT-343026/rfcomm/spp/build/CYBT-343026-EVAL/Debug/spp.o
 .debug_macro   0x00001b9e       0x8d D:/MODUS2v1_SPP20706/RFCOMM-CYBT-343026/rfcomm/spp/build/CYBT-343026-EVAL/Debug/spp.o
 .debug_macro   0x00001c2b       0x35 D:/MODUS2v1_SPP20706/RFCOMM-CYBT-343026/rfcomm/spp/build/CYBT-343026-EVAL/Debug/spp.o
 .debug_macro   0x00001c60       0x9c D:/MODUS2v1_SPP20706/RFCOMM-CYBT-343026/rfcomm/spp/build/CYBT-343026-EVAL/Debug/spp.o
 .debug_macro   0x00001cfc      0x174 D:/MODUS2v1_SPP20706/RFCOMM-CYBT-343026/rfcomm/spp/build/CYBT-343026-EVAL/Debug/spp.o
 .debug_macro   0x00001e70       0x57 D:/MODUS2v1_SPP20706/RFCOMM-CYBT-343026/rfcomm/spp/build/CYBT-343026-EVAL/Debug/spp.o
 .debug_macro   0x00001ec7       0x58 D:/MODUS2v1_SPP20706/RFCOMM-CYBT-343026/rfcomm/spp/build/CYBT-343026-EVAL/Debug/spp.o
 .debug_macro   0x00001f1f       0x1f D:/MODUS2v1_SPP20706/RFCOMM-CYBT-343026/rfcomm/spp/build/CYBT-343026-EVAL/Debug/spp.o
 .debug_macro   0x00001f3e       0x43 D:/MODUS2v1_SPP20706/RFCOMM-CYBT-343026/rfcomm/spp/build/CYBT-343026-EVAL/Debug/spp.o
 .debug_macro   0x00001f81       0x20 D:/MODUS2v1_SPP20706/RFCOMM-CYBT-343026/rfcomm/spp/build/CYBT-343026-EVAL/Debug/spp.o
 .debug_macro   0x00001fa1      0x18e D:/MODUS2v1_SPP20706/RFCOMM-CYBT-343026/rfcomm/spp/build/CYBT-343026-EVAL/Debug/spp.o
 .debug_macro   0x0000212f      0x330 D:/MODUS2v1_SPP20706/RFCOMM-CYBT-343026/rfcomm/spp/build/CYBT-343026-EVAL/Debug/spp.o
 .debug_macro   0x0000245f       0x10 D:/MODUS2v1_SPP20706/RFCOMM-CYBT-343026/rfcomm/spp/build/CYBT-343026-EVAL/Debug/spp.o
 .debug_macro   0x0000246f       0x35 D:/MODUS2v1_SPP20706/RFCOMM-CYBT-343026/rfcomm/spp/build/CYBT-343026-EVAL/Debug/spp.o
 .debug_macro   0x000024a4       0x22 D:/MODUS2v1_SPP20706/RFCOMM-CYBT-343026/rfcomm/spp/build/CYBT-343026-EVAL/Debug/spp.o
 .debug_macro   0x000024c6       0x64 D:/MODUS2v1_SPP20706/RFCOMM-CYBT-343026/rfcomm/spp/build/CYBT-343026-EVAL/Debug/spp.o
 .debug_macro   0x0000252a       0x46 D:/MODUS2v1_SPP20706/RFCOMM-CYBT-343026/rfcomm/spp/build/CYBT-343026-EVAL/Debug/spp.o
 .debug_macro   0x00002570       0x92 D:/MODUS2v1_SPP20706/RFCOMM-CYBT-343026/rfcomm/spp/build/CYBT-343026-EVAL/Debug/spp.o
 .debug_macro   0x00002602      0x2ab D:/MODUS2v1_SPP20706/RFCOMM-CYBT-343026/rfcomm/spp/build/CYBT-343026-EVAL/Debug/spp.o
 .debug_macro   0x000028ad       0xf1 D:/MODUS2v1_SPP20706/RFCOMM-CYBT-343026/rfcomm/spp/build/CYBT-343026-EVAL/Debug/spp.o
 .debug_macro   0x0000299e     0x36ad D:/MODUS2v1_SPP20706/RFCOMM-CYBT-343026/rfcomm/spp/build/CYBT-343026-EVAL/Debug/spp.o
 .debug_macro   0x0000604b      0x100 D:/MODUS2v1_SPP20706/RFCOMM-CYBT-343026/rfcomm/spp/build/CYBT-343026-EVAL/Debug/spp.o
 .debug_macro   0x0000614b      0x761 D:/MODUS2v1_SPP20706/RFCOMM-CYBT-343026/rfcomm/spp/build/CYBT-343026-EVAL/Debug/spp.o
 .debug_macro   0x000068ac      0x172 D:/MODUS2v1_SPP20706/RFCOMM-CYBT-343026/rfcomm/spp/build/CYBT-343026-EVAL/Debug/spp.o
 .debug_macro   0x00006a1e      0x16c D:/MODUS2v1_SPP20706/RFCOMM-CYBT-343026/rfcomm/spp/build/CYBT-343026-EVAL/Debug/spp.o
 .debug_macro   0x00006b8a       0x1c D:/MODUS2v1_SPP20706/RFCOMM-CYBT-343026/rfcomm/spp/build/CYBT-343026-EVAL/Debug/spp.o
 .debug_macro   0x00006ba6       0x58 D:/MODUS2v1_SPP20706/RFCOMM-CYBT-343026/rfcomm/spp/build/CYBT-343026-EVAL/Debug/spp.o
 .debug_macro   0x00006bfe       0x31 D:/MODUS2v1_SPP20706/RFCOMM-CYBT-343026/rfcomm/spp/build/CYBT-343026-EVAL/Debug/spp.o
 .debug_macro   0x00006c2f      0x1db D:/MODUS2v1_SPP20706/RFCOMM-CYBT-343026/rfcomm/spp/build/CYBT-343026-EVAL/Debug/spp.o
 .debug_macro   0x00006e0a      0x26b D:/MODUS2v1_SPP20706/RFCOMM-CYBT-343026/rfcomm/spp/build/CYBT-343026-EVAL/Debug/spp.o
 .debug_macro   0x00007075       0xc1 D:/MODUS2v1_SPP20706/RFCOMM-CYBT-343026/rfcomm/spp/build/CYBT-343026-EVAL/Debug/spp.o
 .debug_macro   0x00007136       0x1c D:/MODUS2v1_SPP20706/RFCOMM-CYBT-343026/rfcomm/spp/build/CYBT-343026-EVAL/Debug/spp.o
 .debug_macro   0x00007152       0x28 D:/MODUS2v1_SPP20706/RFCOMM-CYBT-343026/rfcomm/spp/build/CYBT-343026-EVAL/Debug/spp.o
 .debug_macro   0x0000717a       0x10 D:/MODUS2v1_SPP20706/RFCOMM-CYBT-343026/rfcomm/spp/build/CYBT-343026-EVAL/Debug/spp.o
 .debug_macro   0x0000718a      0x1a8 D:/MODUS2v1_SPP20706/RFCOMM-CYBT-343026/rfcomm/spp/build/CYBT-343026-EVAL/Debug/spp.o
 .debug_macro   0x00007332       0x2e D:/MODUS2v1_SPP20706/RFCOMM-CYBT-343026/rfcomm/spp/build/CYBT-343026-EVAL/Debug/spp.o
 .debug_macro   0x00007360     0xc7c1 D:/MODUS2v1_SPP20706/RFCOMM-CYBT-343026/rfcomm/spp/build/CYBT-343026-EVAL/Debug/spp.o
 .debug_macro   0x00013b21       0x18 D:/MODUS2v1_SPP20706/RFCOMM-CYBT-343026/rfcomm/spp/build/CYBT-343026-EVAL/Debug/spp.o
 .debug_macro   0x00013b39       0x6a D:/MODUS2v1_SPP20706/RFCOMM-CYBT-343026/rfcomm/spp/build/CYBT-343026-EVAL/Debug/spp.o
 .debug_macro   0x00013ba3       0x4c D:/MODUS2v1_SPP20706/RFCOMM-CYBT-343026/rfcomm/spp/build/CYBT-343026-EVAL/Debug/spp.o
 .debug_macro   0x00013bef      0x1f7 D:/MODUS2v1_SPP20706/RFCOMM-CYBT-343026/rfcomm/spp/build/CYBT-343026-EVAL/Debug/wiced_bt_cfg.o
 .debug_macro   0x00013de6       0xa8 D:/MODUS2v1_SPP20706/RFCOMM-CYBT-343026/rfcomm/spp/build/CYBT-343026-EVAL/Debug/wiced_bt_cfg.o
 .debug_macro   0x00013e8e       0x46 D:/MODUS2v1_SPP20706/RFCOMM-CYBT-343026/rfcomm/spp/build/CYBT-343026-EVAL/Debug/wiced_bt_cfg.o
 .debug_macro   0x00013ed4       0x24 D:/MODUS2v1_SPP20706/RFCOMM-CYBT-343026/rfcomm/spp/build/CYBT-343026-EVAL/Debug/generated/lib_installer.o
 .debug_macro   0x00013ef8      0x105 ./../../../wiced_btsdk/dev-kit/baselib/20706A2/build/CYBT-343026-EVAL/Debug/20706A2_baselib.a(spar_setup.o)
 .debug_macro   0x00013ffd     0x137e ./../../../wiced_btsdk/dev-kit/baselib/20706A2/build/CYBT-343026-EVAL/Debug/20706A2_baselib.a(spar_setup.o)
 .debug_macro   0x0001537b      0x192 ./../../../wiced_btsdk/dev-kit/baselib/20706A2/build/CYBT-343026-EVAL/Debug/20706A2_baselib.a(sparinit.o)
 .debug_macro   0x0001550d       0x28 ./../../../wiced_btsdk/dev-kit/baselib/20706A2/build/CYBT-343026-EVAL/Debug/20706A2_baselib.a(sparinit.o)
 .debug_macro   0x00015535      0x22b ./../../../wiced_btsdk/dev-kit/baselib/20706A2/build/CYBT-343026-EVAL/Debug/20706A2_baselib.a(wiced_bt_app_common.o)
 .debug_macro   0x00015760      0x2a5 ./../../../wiced_btsdk/dev-kit/baselib/20706A2/build/CYBT-343026-EVAL/Debug/20706A2_baselib.a(wiced_bt_app_common.o)
 .debug_macro   0x00015a05       0xf7 ./../../../wiced_btsdk/dev-kit/baselib/20706A2/build/CYBT-343026-EVAL/Debug/20706A2_baselib.a(wiced_bt_app_common.o)
 .debug_macro   0x00015afc       0x46 ./../../../wiced_btsdk/dev-kit/baselib/20706A2/build/CYBT-343026-EVAL/Debug/20706A2_baselib.a(wiced_bt_app_common.o)
 .debug_macro   0x00015b42       0x16 ./../../../wiced_btsdk/dev-kit/baselib/20706A2/build/CYBT-343026-EVAL/Debug/20706A2_baselib.a(wiced_bt_app_common.o)
 .debug_macro   0x00015b58      0x238 ./../../../wiced_btsdk/dev-kit/baselib/20706A2/build/CYBT-343026-EVAL/Debug/20706A2_baselib.a(wiced_bt_app_hal_common.o)
 .debug_macro   0x00015d90       0x6a ./../../../wiced_btsdk/dev-kit/baselib/20706A2/build/CYBT-343026-EVAL/Debug/20706A2_baselib.a(wiced_bt_app_hal_common.o)
 .debug_macro   0x00015dfa      0x216 ./../../../wiced_btsdk/dev-kit/libraries/btsdk-rfcomm/build/CYBT-343026-EVAL/Debug/btsdk-rfcomm.a(spp_lib.o)
 .debug_macro   0x00016010      0xebd ./../../../wiced_btsdk/dev-kit/libraries/btsdk-rfcomm/build/CYBT-343026-EVAL/Debug/btsdk-rfcomm.a(spp_lib.o)
 .debug_macro   0x00016ecd       0xfe ./../../../wiced_btsdk/dev-kit/libraries/btsdk-rfcomm/build/CYBT-343026-EVAL/Debug/btsdk-rfcomm.a(spp_lib.o)
 .debug_macro   0x00016fcb     0x1872 ./../../../wiced_btsdk/dev-kit/libraries/btsdk-rfcomm/build/CYBT-343026-EVAL/Debug/btsdk-rfcomm.a(spp_lib.o)
 .debug_macro   0x0001883d       0x10 ./../../../wiced_btsdk/dev-kit/libraries/btsdk-rfcomm/build/CYBT-343026-EVAL/Debug/btsdk-rfcomm.a(spp_lib.o)
 .debug_macro   0x0001884d      0x180 ./../../../wiced_btsdk/dev-kit/baselib/20706A2/build/CYBT-343026-EVAL/Debug/20706A2_baselib.a(wiced_bt_utils.o)

.debug_line     0x00000000     0x2fe5
 .debug_line    0x00000000      0x8e1 D:/MODUS2v1_SPP20706/RFCOMM-CYBT-343026/rfcomm/spp/build/CYBT-343026-EVAL/Debug/spp.o
 .debug_line    0x000008e1      0x4fb D:/MODUS2v1_SPP20706/RFCOMM-CYBT-343026/rfcomm/spp/build/CYBT-343026-EVAL/Debug/wiced_bt_cfg.o